Archive member included to satisfy reference by file (symbol)

C:/ST/STM32CubeIDE_1.14.0/STM32CubeIDE/plugins/com.st.stm32cube.ide.mcu.externaltools.gnu-tools-for-stm32.11.3.rel1.win32_1.1.100.202309141235/tools/bin/../lib/gcc/arm-none-eabi/11.3.1/../../../../arm-none-eabi/lib/thumb/v7e-m+fp/hard\libc_nano.a(libc_a-exit.o)
                              C:/ST/STM32CubeIDE_1.14.0/STM32CubeIDE/plugins/com.st.stm32cube.ide.mcu.externaltools.gnu-tools-for-stm32.11.3.rel1.win32_1.1.100.202309141235/tools/bin/../lib/gcc/arm-none-eabi/11.3.1/../../../../arm-none-eabi/lib/thumb/v7e-m+fp/hard/crt0.o (exit)
C:/ST/STM32CubeIDE_1.14.0/STM32CubeIDE/plugins/com.st.stm32cube.ide.mcu.externaltools.gnu-tools-for-stm32.11.3.rel1.win32_1.1.100.202309141235/tools/bin/../lib/gcc/arm-none-eabi/11.3.1/../../../../arm-none-eabi/lib/thumb/v7e-m+fp/hard\libc_nano.a(libc_a-itoa.o)
                              ./Core/Src/main.o (itoa)
C:/ST/STM32CubeIDE_1.14.0/STM32CubeIDE/plugins/com.st.stm32cube.ide.mcu.externaltools.gnu-tools-for-stm32.11.3.rel1.win32_1.1.100.202309141235/tools/bin/../lib/gcc/arm-none-eabi/11.3.1/../../../../arm-none-eabi/lib/thumb/v7e-m+fp/hard\libc_nano.a(libc_a-utoa.o)
                              C:/ST/STM32CubeIDE_1.14.0/STM32CubeIDE/plugins/com.st.stm32cube.ide.mcu.externaltools.gnu-tools-for-stm32.11.3.rel1.win32_1.1.100.202309141235/tools/bin/../lib/gcc/arm-none-eabi/11.3.1/../../../../arm-none-eabi/lib/thumb/v7e-m+fp/hard\libc_nano.a(libc_a-itoa.o) (__utoa)
C:/ST/STM32CubeIDE_1.14.0/STM32CubeIDE/plugins/com.st.stm32cube.ide.mcu.externaltools.gnu-tools-for-stm32.11.3.rel1.win32_1.1.100.202309141235/tools/bin/../lib/gcc/arm-none-eabi/11.3.1/../../../../arm-none-eabi/lib/thumb/v7e-m+fp/hard\libc_nano.a(libc_a-findfp.o)
                              C:/ST/STM32CubeIDE_1.14.0/STM32CubeIDE/plugins/com.st.stm32cube.ide.mcu.externaltools.gnu-tools-for-stm32.11.3.rel1.win32_1.1.100.202309141235/tools/bin/../lib/gcc/arm-none-eabi/11.3.1/../../../../arm-none-eabi/lib/thumb/v7e-m+fp/hard\libc_nano.a(libc_a-exit.o) (__stdio_exit_handler)
C:/ST/STM32CubeIDE_1.14.0/STM32CubeIDE/plugins/com.st.stm32cube.ide.mcu.externaltools.gnu-tools-for-stm32.11.3.rel1.win32_1.1.100.202309141235/tools/bin/../lib/gcc/arm-none-eabi/11.3.1/../../../../arm-none-eabi/lib/thumb/v7e-m+fp/hard\libc_nano.a(libc_a-fwalk.o)
                              C:/ST/STM32CubeIDE_1.14.0/STM32CubeIDE/plugins/com.st.stm32cube.ide.mcu.externaltools.gnu-tools-for-stm32.11.3.rel1.win32_1.1.100.202309141235/tools/bin/../lib/gcc/arm-none-eabi/11.3.1/../../../../arm-none-eabi/lib/thumb/v7e-m+fp/hard\libc_nano.a(libc_a-findfp.o) (_fwalk_sglue)
C:/ST/STM32CubeIDE_1.14.0/STM32CubeIDE/plugins/com.st.stm32cube.ide.mcu.externaltools.gnu-tools-for-stm32.11.3.rel1.win32_1.1.100.202309141235/tools/bin/../lib/gcc/arm-none-eabi/11.3.1/../../../../arm-none-eabi/lib/thumb/v7e-m+fp/hard\libc_nano.a(libc_a-stdio.o)
                              C:/ST/STM32CubeIDE_1.14.0/STM32CubeIDE/plugins/com.st.stm32cube.ide.mcu.externaltools.gnu-tools-for-stm32.11.3.rel1.win32_1.1.100.202309141235/tools/bin/../lib/gcc/arm-none-eabi/11.3.1/../../../../arm-none-eabi/lib/thumb/v7e-m+fp/hard\libc_nano.a(libc_a-findfp.o) (__sread)
C:/ST/STM32CubeIDE_1.14.0/STM32CubeIDE/plugins/com.st.stm32cube.ide.mcu.externaltools.gnu-tools-for-stm32.11.3.rel1.win32_1.1.100.202309141235/tools/bin/../lib/gcc/arm-none-eabi/11.3.1/../../../../arm-none-eabi/lib/thumb/v7e-m+fp/hard\libc_nano.a(libc_a-memset.o)
                              C:/ST/STM32CubeIDE_1.14.0/STM32CubeIDE/plugins/com.st.stm32cube.ide.mcu.externaltools.gnu-tools-for-stm32.11.3.rel1.win32_1.1.100.202309141235/tools/bin/../lib/gcc/arm-none-eabi/11.3.1/../../../../arm-none-eabi/lib/thumb/v7e-m+fp/hard/crt0.o (memset)
C:/ST/STM32CubeIDE_1.14.0/STM32CubeIDE/plugins/com.st.stm32cube.ide.mcu.externaltools.gnu-tools-for-stm32.11.3.rel1.win32_1.1.100.202309141235/tools/bin/../lib/gcc/arm-none-eabi/11.3.1/../../../../arm-none-eabi/lib/thumb/v7e-m+fp/hard\libc_nano.a(libc_a-closer.o)
                              C:/ST/STM32CubeIDE_1.14.0/STM32CubeIDE/plugins/com.st.stm32cube.ide.mcu.externaltools.gnu-tools-for-stm32.11.3.rel1.win32_1.1.100.202309141235/tools/bin/../lib/gcc/arm-none-eabi/11.3.1/../../../../arm-none-eabi/lib/thumb/v7e-m+fp/hard\libc_nano.a(libc_a-stdio.o) (_close_r)
C:/ST/STM32CubeIDE_1.14.0/STM32CubeIDE/plugins/com.st.stm32cube.ide.mcu.externaltools.gnu-tools-for-stm32.11.3.rel1.win32_1.1.100.202309141235/tools/bin/../lib/gcc/arm-none-eabi/11.3.1/../../../../arm-none-eabi/lib/thumb/v7e-m+fp/hard\libc_nano.a(libc_a-reent.o)
                              C:/ST/STM32CubeIDE_1.14.0/STM32CubeIDE/plugins/com.st.stm32cube.ide.mcu.externaltools.gnu-tools-for-stm32.11.3.rel1.win32_1.1.100.202309141235/tools/bin/../lib/gcc/arm-none-eabi/11.3.1/../../../../arm-none-eabi/lib/thumb/v7e-m+fp/hard\libc_nano.a(libc_a-closer.o) (errno)
[...]
Memory Configuration

Name             Origin             Length             Attributes
RAM              0x0000000020000000 0x0000000000020000 xrw
FLASH            0x0000000008000000 0x0000000000080000 xr
*default*        0x0000000000000000 0xffffffffffffffff

Linker script and memory map

LOAD C:/ST/STM32CubeIDE_1.14.0/STM32CubeIDE/plugins/com.st.stm32cube.ide.mcu.externaltools.gnu-tools-for-stm32.11.3.rel1.win32_1.1.100.202309141235/tools/bin/../lib/gcc/arm-none-eabi/11.3.1/thumb/v7e-m+fp/hard/crti.o
LOAD C:/ST/STM32CubeIDE_1.14.0/STM32CubeIDE/plugins/com.st.stm32cube.ide.mcu.externaltools.gnu-tools-for-stm32.11.3.rel1.win32_1.1.100.202309141235/tools/bin/../lib/gcc/arm-none-eabi/11.3.1/thumb/v7e-m+fp/hard/crtbegin.o
LOAD C:/ST/STM32CubeIDE_1.14.0/STM32CubeIDE/plugins/com.st.stm32cube.ide.mcu.externaltools.gnu-tools-for-stm32.11.3.rel1.win32_1.1.100.202309141235/tools/bin/../lib/gcc/arm-none-eabi/11.3.1/../../../../arm-none-eabi/lib/thumb/v7e-m+fp/hard/crt0.o
LOAD ./Core/Src/liquidcrystal_i2c.o
LOAD ./Core/Src/main.o
LOAD ./Core/Src/stm32f4xx_hal_msp.o
LOAD ./Core/Src/stm32f4xx_it.o
LOAD ./Core/Src/syscalls.o
LOAD ./Core/Src/sysmem.o
LOAD ./Core/Src/system_stm32f4xx.o
LOAD ./Core/Startup/startup_stm32f446retx.o
LOAD ./Drivers/STM32F4xx_HAL_Driver/Src/stm32f4xx_hal.o
LOAD ./Drivers/STM32F4xx_HAL_Driver/Src/stm32f4xx_hal_adc.o
LOAD ./Drivers/STM32F4xx_HAL_Driver/Src/stm32f4xx_hal_adc_ex.o
LOAD ./Drivers/STM32F4xx_HAL_Driver/Src/stm32f4xx_hal_cortex.o
LOAD ./Drivers/STM32F4xx_HAL_Driver/Src/stm32f4xx_hal_dma.o
LOAD ./Drivers/STM32F4xx_HAL_Driver/Src/stm32f4xx_hal_dma_ex.o
LOAD ./Drivers/STM32F4xx_HAL_Driver/Src/stm32f4xx_hal_exti.o
LOAD ./Drivers/STM32F4xx_HAL_Driver/Src/stm32f4xx_hal_flash.o
LOAD ./Drivers/STM32F4xx_HAL_Driver/Src/stm32f4xx_hal_flash_ex.o
LOAD ./Drivers/STM32F4xx_HAL_Driver/Src/stm32f4xx_hal_flash_ramfunc.o
LOAD ./Drivers/STM32F4xx_HAL_Driver/Src/stm32f4xx_hal_gpio.o
LOAD ./Drivers/STM32F4xx_HAL_Driver/Src/stm32f4xx_hal_i2c.o
LOAD ./Drivers/STM32F4xx_HAL_Driver/Src/stm32f4xx_hal_i2c_ex.o
LOAD ./Drivers/STM32F4xx_HAL_Driver/Src/stm32f4xx_hal_pwr.o
LOAD ./Drivers/STM32F4xx_HAL_Driver/Src/stm32f4xx_hal_pwr_ex.o
LOAD ./Drivers/STM32F4xx_HAL_Driver/Src/stm32f4xx_hal_rcc.o
LOAD ./Drivers/STM32F4xx_HAL_Driver/Src/stm32f4xx_hal_rcc_ex.o
LOAD ./Drivers/STM32F4xx_HAL_Driver/Src/stm32f4xx_hal_tim.o
LOAD ./Drivers/STM32F4xx_HAL_Driver/Src/stm32f4xx_hal_tim_ex.o
LOAD ./Drivers/STM32F4xx_HAL_Driver/Src/stm32f4xx_ll_adc.o
START GROUP
LOAD C:/ST/STM32CubeIDE_1.14.0/STM32CubeIDE/plugins/com.st.stm32cube.ide.mcu.externaltools.gnu-tools-for-stm32.11.3.rel1.win32_1.1.100.202309141235/tools/bin/../lib/gcc/arm-none-eabi/11.3.1/../../../../arm-none-eabi/lib/thumb/v7e-m+fp/hard\libc_nano.a
LOAD C:/ST/STM32CubeIDE_1.14.0/STM32CubeIDE/plugins/com.st.stm32cube.ide.mcu.externaltools.gnu-tools-for-stm32.11.3.rel1.win32_1.1.100.202309141235/tools/bin/../lib/gcc/arm-none-eabi/11.3.1/../../../../arm-none-eabi/lib/thumb/v7e-m+fp/hard\libm.a
END GROUP
START GROUP
LOAD C:/ST/STM32CubeIDE_1.14.0/STM32CubeIDE/plugins/com.st.stm32cube.ide.mcu.externaltools.gnu-tools-for-stm32.11.3.rel1.win32_1.1.100.202309141235/tools/bin/../lib/gcc/arm-none-eabi/11.3.1/thumb/v7e-m+fp/hard\libgcc.a
LOAD C:/ST/STM32CubeIDE_1.14.0/STM32CubeIDE/plugins/com.st.stm32cube.ide.mcu.externaltools.gnu-tools-for-stm32.11.3.rel1.win32_1.1.100.202309141235/tools/bin/../lib/gcc/arm-none-eabi/11.3.1/../../../../arm-none-eabi/lib/thumb/v7e-m+fp/hard\libc_nano.a
END GROUP
START GROUP
LOAD C:/ST/STM32CubeIDE_1.14.0/STM32CubeIDE/plugins/com.st.stm32cube.ide.mcu.externaltools.gnu-tools-for-stm32.11.3.rel1.win32_1.1.100.202309141235/tools/bin/../lib/gcc/arm-none-eabi/11.3.1/thumb/v7e-m+fp/hard\libgcc.a
LOAD C:/ST/STM32CubeIDE_1.14.0/STM32CubeIDE/plugins/com.st.stm32cube.ide.mcu.externaltools.gnu-tools-for-stm32.11.3.rel1.win32_1.1.100.202309141235/tools/bin/../lib/gcc/arm-none-eabi/11.3.1/../../../../arm-none-eabi/lib/thumb/v7e-m+fp/hard\libc_nano.a
LOAD C:/ST/STM32CubeIDE_1.14.0/STM32CubeIDE/plugins/com.st.stm32cube.ide.mcu.externaltools.gnu-tools-for-stm32.11.3.rel1.win32_1.1.100.202309141235/tools/bin/../lib/gcc/arm-none-eabi/11.3.1/../../../../arm-none-eabi/lib/thumb/v7e-m+fp/hard\libnosys.a
END GROUP
START GROUP
LOAD C:/ST/STM32CubeIDE_1.14.0/STM32CubeIDE/plugins/com.st.stm32cube.ide.mcu.externaltools.gnu-tools-for-stm32.11.3.rel1.win32_1.1.100.202309141235/tools/bin/../lib/gcc/arm-none-eabi/11.3.1/thumb/v7e-m+fp/hard\libgcc.a
LOAD C:/ST/STM32CubeIDE_1.14.0/STM32CubeIDE/plugins/com.st.stm32cube.ide.mcu.externaltools.gnu-tools-for-stm32.11.3.rel1.win32_1.1.100.202309141235/tools/bin/../lib/gcc/arm-none-eabi/11.3.1/../../../../arm-none-eabi/lib/thumb/v7e-m+fp/hard\libc_nano.a
LOAD C:/ST/STM32CubeIDE_1.14.0/STM32CubeIDE/plugins/com.st.stm32cube.ide.mcu.externaltools.gnu-tools-for-stm32.11.3.rel1.win32_1.1.100.202309141235/tools/bin/../lib/gcc/arm-none-eabi/11.3.1/../../../../arm-none-eabi/lib/thumb/v7e-m+fp/hard\libnosys.a
END GROUP
LOAD C:/ST/STM32CubeIDE_1.14.0/STM32CubeIDE/plugins/com.st.stm32cube.ide.mcu.externaltools.gnu-tools-for-stm32.11.3.rel1.win32_1.1.100.202309141235/tools/bin/../lib/gcc/arm-none-eabi/11.3.1/thumb/v7e-m+fp/hard/crtend.o
LOAD C:/ST/STM32CubeIDE_1.14.0/STM32CubeIDE/plugins/com.st.stm32cube.ide.mcu.externaltools.gnu-tools-for-stm32.11.3.rel1.win32_1.1.100.202309141235/tools/bin/../lib/gcc/arm-none-eabi/11.3.1/thumb/v7e-m+fp/hard/crtn.o
                0x0000000020020000                _estack = (ORIGIN (RAM) + LENGTH (RAM))
                0x0000000000000200                _Min_Heap_Size = 0x200
                0x0000000000000400                _Min_Stack_Size = 0x400

.isr_vector     0x0000000008000000      0x1c4
                0x0000000008000000                . = ALIGN (0x4)
 *(.isr_vector)
 .isr_vector    0x0000000008000000      0x1c4 ./Core/Startup/startup_stm32f446retx.o
                0x0000000008000000                g_pfnVectors
                0x00000000080001c4                . = ALIGN (0x4)

.text           0x00000000080001c4     0x559c
                0x00000000080001c4                . = ALIGN (0x4)
 *(.text)
 .text          0x00000000080001c4       0x40 C:/ST/STM32CubeIDE_1.14.0/STM32CubeIDE/plugins/com.st.stm32cube.ide.mcu.externaltools.gnu-tools-for-stm32.11.3.rel1.win32_1.1.100.202309141235/tools/bin/../lib/gcc/arm-none-eabi/11.3.1/thumb/v7e-m+fp/hard/crtbegin.o
 .text          0x0000000008000204      0x378 C:/ST/STM32CubeIDE_1.14.0/STM32CubeIDE/plugins/com.st.stm32cube.ide.mcu.externaltools.gnu-tools-for-stm32.11.3.rel1.win32_1.1.100.202309141235/tools/bin/../lib/gcc/arm-none-eabi/11.3.1/thumb/v7e-m+fp/hard\libgcc.a(_arm_addsubdf3.o)
                0x0000000008000204                __aeabi_drsub
                0x000000000800020c                __aeabi_dsub
                0x000000000800020c                __subdf3
                0x0000000008000210                __aeabi_dadd
                0x0000000008000210                __adddf3
                0x0000000008000488                __floatunsidf
                0x0000000008000488                __aeabi_ui2d
                0x00000000080004a8                __floatsidf
                0x00000000080004a8                __aeabi_i2d
                0x00000000080004cc                __aeabi_f2d
                0x00000000080004cc                __extendsfdf2
                0x0000000008000510                __floatundidf
                0x0000000008000510                __aeabi_ul2d
                0x0000000008000520                __floatdidf
                0x0000000008000520                __aeabi_l2d
 .text          0x000000000800057c      0x424 C:/ST/STM32CubeIDE_1.14.0/STM32CubeIDE/plugins/com.st.stm32cube.ide.mcu.externaltools.gnu-tools-for-stm32.11.3.rel1.win32_1.1.100.202309141235/tools/bin/../lib/gcc/arm-none-eabi/11.3.1/thumb/v7e-m+fp/hard\libgcc.a(_arm_muldivdf3.o)
                0x000000000800057c                __aeabi_dmul
                0x000000000800057c                __muldf3
                0x00000000080007d0                __divdf3
                0x00000000080007d0                __aeabi_ddiv
 .text          0x00000000080009a0       0xa0 C:/ST/STM32CubeIDE_1.14.0/STM32CubeIDE/plugins/com.st.stm32cube.ide.mcu.externaltools.gnu-tools-for-stm32.11.3.rel1.win32_1.1.100.202309141235/tools/bin/../lib/gcc/arm-none-eabi/11.3.1/thumb/v7e-m+fp/hard\libgcc.a(_arm_truncdfsf2.o)
                0x00000000080009a0                __truncdfsf2
                0x00000000080009a0                __aeabi_d2f
 .text          0x0000000008000a40       0x30 C:/ST/STM32CubeIDE_1.14.0/STM32CubeIDE/plugins/com.st.stm32cube.ide.mcu.externaltools.gnu-tools-for-stm32.11.3.rel1.win32_1.1.100.202309141235/tools/bin/../lib/gcc/arm-none-eabi/11.3.1/thumb/v7e-m+fp/hard\libgcc.a(_aeabi_uldivmod.o)
                0x0000000008000a40                __aeabi_uldivmod
 .text          0x0000000008000a70      0x2c8 C:/ST/STM32CubeIDE_1.14.0/STM32CubeIDE/plugins/com.st.stm32cube.ide.mcu.externaltools.gnu-tools-for-stm32.11.3.rel1.win32_1.1.100.202309141235/tools/bin/../lib/gcc/arm-none-eabi/11.3.1/thumb/v7e-m+fp/hard\libgcc.a(_udivmoddi4.o)
                0x0000000008000a70                __udivmoddi4
 .text          0x0000000008000d38        0x4 C:/ST/STM32CubeIDE_1.14.0/STM32CubeIDE/plugins/com.st.stm32cube.ide.mcu.externaltools.gnu-tools-for-stm32.11.3.rel1.win32_1.1.100.202309141235/tools/bin/../lib/gcc/arm-none-eabi/11.3.1/thumb/v7e-m+fp/hard\libgcc.a(_dvmd_tls.o)
                0x0000000008000d38                __aeabi_idiv0
                0x0000000008000d38                __aeabi_ldiv0
 *(.text*)
 .text.HD44780_Init
                0x0000000008000d3c      0x108 ./Core/Src/liquidcrystal_i2c.o
                0x0000000008000d3c                HD44780_Init
 .text.HD44780_Clear
                0x0000000008000e44       0x16 ./Core/Src/liquidcrystal_i2c.o
                0x0000000008000e44                HD44780_Clear
 .text.HD44780_Home
                0x0000000008000e5a       0x16 ./Core/Src/liquidcrystal_i2c.o
                0x0000000008000e5a                HD44780_Home
 .text.HD44780_SetCursor
                0x0000000008000e70       0x64 ./Core/Src/liquidcrystal_i2c.o
                0x0000000008000e70                HD44780_SetCursor
 .text.HD44780_Display
                0x0000000008000ed4       0x2c ./Core/Src/liquidcrystal_i2c.o
                0x0000000008000ed4                HD44780_Display
 .text.HD44780_CreateSpecialChar
                0x0000000008000f00       0x52 ./Core/Src/liquidcrystal_i2c.o
                0x0000000008000f00                HD44780_CreateSpecialChar
 .text.HD44780_PrintStr
                0x0000000008000f52       0x2a ./Core/Src/liquidcrystal_i2c.o
                0x0000000008000f52                HD44780_PrintStr
 .text.SendCommand
                0x0000000008000f7c       0x1c ./Core/Src/liquidcrystal_i2c.o
 .text.SendChar
                0x0000000008000f98       0x1c ./Core/Src/liquidcrystal_i2c.o
 .text.Send     0x0000000008000fb4       0x42 ./Core/Src/liquidcrystal_i2c.o
 .text.Write4Bits
                0x0000000008000ff6       0x22 ./Core/Src/liquidcrystal_i2c.o
 .text.ExpanderWrite
                0x0000000008001018       0x38 ./Core/Src/liquidcrystal_i2c.o
 .text.PulseEnable
                0x0000000008001050       0x3a ./Core/Src/liquidcrystal_i2c.o
 *fill*         0x000000000800108a        0x2 
 .text.DelayInit
                0x000000000800108c       0x54 ./Core/Src/liquidcrystal_i2c.o
 .text.DelayUS  0x00000000080010e0       0x50 ./Core/Src/liquidcrystal_i2c.o
 .text.HAL_ADC_ConvCpltCallback
                0x0000000008001130       0x3c ./Core/Src/main.o
                0x0000000008001130                HAL_ADC_ConvCpltCallback
 .text.kilitFonksiyonu
                0x000000000800116c       0x38 ./Core/Src/main.o
                0x000000000800116c                kilitFonksiyonu
 .text.perdeAc  0x00000000080011a4       0x18 ./Core/Src/main.o
                0x00000000080011a4                perdeAc
 .text.perdeKapa
                0x00000000080011bc       0x18 ./Core/Src/main.o
                0x00000000080011bc                perdeKapa
 .text.Gas_System
                0x00000000080011d4       0xd4 ./Core/Src/main.o
                0x00000000080011d4                Gas_System
 .text.isikKontrol
                0x00000000080012a8       0x4c ./Core/Src/main.o
                0x00000000080012a8                isikKontrol
 .text.perdeKontrol
                0x00000000080012f4       0x68 ./Core/Src/main.o
                0x00000000080012f4                perdeKontrol
 .text.kapiKontrol
                0x000000000800135c       0x88 ./Core/Src/main.o
                0x000000000800135c                kapiKontrol
 .text.icIsiklandirma
                0x00000000080013e4       0x40 ./Core/Src/main.o
                0x00000000080013e4                icIsiklandirma
 .text.microDelay
                0x0000000008001424       0x34 ./Core/Src/main.o
                0x0000000008001424                microDelay
 .text.ekran_calistirma
                0x0000000008001458       0xf4 ./Core/Src/main.o
                0x0000000008001458                ekran_calistirma
 .text.mesafeKontrol
                0x000000000800154c       0xa0 ./Core/Src/main.o
                0x000000000800154c                mesafeKontrol
 .text.DHT11_Start
                0x00000000080015ec       0xe4 ./Core/Src/main.o
                0x00000000080015ec                DHT11_Start
 .text.DHT11_Read
                0x00000000080016d0       0xf0 ./Core/Src/main.o
                0x00000000080016d0                DHT11_Read
 .text.main     0x00000000080017c0      0x240 ./Core/Src/main.o
                0x00000000080017c0                main
 .text.SystemClock_Config
                0x0000000008001a00       0xd8 ./Core/Src/main.o
                0x0000000008001a00                SystemClock_Config
 .text.MX_ADC1_Init
                0x0000000008001ad8       0xa4 ./Core/Src/main.o
 .text.MX_ADC2_Init
                0x0000000008001b7c       0xa4 ./Core/Src/main.o
 .text.MX_I2C1_Init
                0x0000000008001c20       0x5c ./Core/Src/main.o
 .text.MX_TIM1_Init
                0x0000000008001c7c       0xa0 ./Core/Src/main.o
 .text.MX_TIM2_Init
                0x0000000008001d1c       0xc8 ./Core/Src/main.o
 .text.MX_GPIO_Init
                0x0000000008001de4      0x1a0 ./Core/Src/main.o
 .text.Error_Handler
                0x0000000008001f84        0xa ./Core/Src/main.o
                0x0000000008001f84                Error_Handler
 *fill*         0x0000000008001f8e        0x2 
 .text.HAL_MspInit
                0x0000000008001f90       0x50 ./Core/Src/stm32f4xx_hal_msp.o
                0x0000000008001f90                HAL_MspInit
 .text.HAL_ADC_MspInit
                0x0000000008001fe0      0x10c ./Core/Src/stm32f4xx_hal_msp.o
                0x0000000008001fe0                HAL_ADC_MspInit
 .text.HAL_I2C_MspInit
                0x00000000080020ec       0x90 ./Core/Src/stm32f4xx_hal_msp.o
                0x00000000080020ec                HAL_I2C_MspInit
 .text.HAL_TIM_Base_MspInit
                0x000000000800217c       0x44 ./Core/Src/stm32f4xx_hal_msp.o
                0x000000000800217c                HAL_TIM_Base_MspInit
 .text.HAL_TIM_PWM_MspInit
                0x00000000080021c0       0x40 ./Core/Src/stm32f4xx_hal_msp.o
                0x00000000080021c0                HAL_TIM_PWM_MspInit
 .text.HAL_TIM_MspPostInit
                0x0000000008002200       0x70 ./Core/Src/stm32f4xx_hal_msp.o
                0x0000000008002200                HAL_TIM_MspPostInit
 .text.NMI_Handler
                0x0000000008002270        0x6 ./Core/Src/stm32f4xx_it.o
                0x0000000008002270                NMI_Handler
 .text.HardFault_Handler
                0x0000000008002276        0x6 ./Core/Src/stm32f4xx_it.o
                0x0000000008002276                HardFault_Handler
 .text.MemManage_Handler
                0x000000000800227c        0x6 ./Core/Src/stm32f4xx_it.o
                0x000000000800227c                MemManage_Handler
 .text.BusFault_Handler
                0x0000000008002282        0x6 ./Core/Src/stm32f4xx_it.o
                0x0000000008002282                BusFault_Handler
 .text.UsageFault_Handler
                0x0000000008002288        0x6 ./Core/Src/stm32f4xx_it.o
                0x0000000008002288                UsageFault_Handler
 .text.SVC_Handler
                0x000000000800228e        0xe ./Core/Src/stm32f4xx_it.o
                0x000000000800228e                SVC_Handler
 .text.DebugMon_Handler
                0x000000000800229c        0xe ./Core/Src/stm32f4xx_it.o
                0x000000000800229c                DebugMon_Handler
 .text.PendSV_Handler
                0x00000000080022aa        0xe ./Core/Src/stm32f4xx_it.o
                0x00000000080022aa                PendSV_Handler
 .text.SysTick_Handler
                0x00000000080022b8        0xc ./Core/Src/stm32f4xx_it.o
                0x00000000080022b8                SysTick_Handler
 .text.ADC_IRQHandler
                0x00000000080022c4       0x1c ./Core/Src/stm32f4xx_it.o
                0x00000000080022c4                ADC_IRQHandler
 .text.SystemInit
                0x00000000080022e0       0x24 ./Core/Src/system_stm32f4xx.o
                0x00000000080022e0                SystemInit
 .text.Reset_Handler
                0x0000000008002304       0x50 ./Core/Startup/startup_stm32f446retx.o
                0x0000000008002304                Reset_Handler
 .text.Default_Handler
                0x0000000008002354        0x2 ./Core/Startup/startup_stm32f446retx.o
                0x0000000008002354                RTC_Alarm_IRQHandler
                0x0000000008002354                EXTI2_IRQHandler
                0x0000000008002354                TIM8_CC_IRQHandler
                0x0000000008002354                FMPI2C1_EV_IRQHandler
                0x0000000008002354                SPI4_IRQHandler
                0x0000000008002354                TIM1_CC_IRQHandler
                0x0000000008002354                DMA2_Stream5_IRQHandler
                0x0000000008002354                DMA1_Stream5_IRQHandler
                0x0000000008002354                PVD_IRQHandler
                0x0000000008002354                SDIO_IRQHandler
                0x0000000008002354                TAMP_STAMP_IRQHandler
                0x0000000008002354                CAN2_RX1_IRQHandler
                0x0000000008002354                EXTI3_IRQHandler
                0x0000000008002354                TIM8_TRG_COM_TIM14_IRQHandler
                0x0000000008002354                TIM1_UP_TIM10_IRQHandler
                0x0000000008002354                TIM8_UP_TIM13_IRQHandler
                0x0000000008002354                I2C3_ER_IRQHandler
                0x0000000008002354                EXTI0_IRQHandler
                0x0000000008002354                I2C2_EV_IRQHandler
                0x0000000008002354                DMA1_Stream2_IRQHandler
                0x0000000008002354                CAN1_RX0_IRQHandler
                0x0000000008002354                FPU_IRQHandler
                0x0000000008002354                OTG_HS_WKUP_IRQHandler
                0x0000000008002354                CAN2_SCE_IRQHandler
                0x0000000008002354                DMA2_Stream2_IRQHandler
                0x0000000008002354                SPI1_IRQHandler
                0x0000000008002354                TIM6_DAC_IRQHandler
                0x0000000008002354                TIM1_BRK_TIM9_IRQHandler
                0x0000000008002354                DCMI_IRQHandler
                0x0000000008002354                CAN2_RX0_IRQHandler
                0x0000000008002354                DMA2_Stream3_IRQHandler
                0x0000000008002354                SAI2_IRQHandler
                0x0000000008002354                USART6_IRQHandler
                0x0000000008002354                USART3_IRQHandler
                0x0000000008002354                CAN1_RX1_IRQHandler
                0x0000000008002354                UART5_IRQHandler
                0x0000000008002354                DMA2_Stream0_IRQHandler
                0x0000000008002354                TIM4_IRQHandler
                0x0000000008002354                QUADSPI_IRQHandler
                0x0000000008002354                I2C1_EV_IRQHandler
                0x0000000008002354                DMA1_Stream6_IRQHandler
                0x0000000008002354                DMA1_Stream1_IRQHandler
                0x0000000008002354                UART4_IRQHandler
                0x0000000008002354                TIM3_IRQHandler
                0x0000000008002354                RCC_IRQHandler
                0x0000000008002354                TIM8_BRK_TIM12_IRQHandler
                0x0000000008002354                Default_Handler
                0x0000000008002354                CEC_IRQHandler
                0x0000000008002354                EXTI15_10_IRQHandler
                0x0000000008002354                DMA1_Stream7_IRQHandler
                0x0000000008002354                TIM7_IRQHandler
                0x0000000008002354                CAN2_TX_IRQHandler
                0x0000000008002354                TIM5_IRQHandler
                0x0000000008002354                DMA2_Stream7_IRQHandler
                0x0000000008002354                I2C3_EV_IRQHandler
                0x0000000008002354                EXTI9_5_IRQHandler
                0x0000000008002354                RTC_WKUP_IRQHandler
                0x0000000008002354                SPDIF_RX_IRQHandler
                0x0000000008002354                SPI2_IRQHandler
                0x0000000008002354                OTG_HS_EP1_IN_IRQHandler
                0x0000000008002354                DMA1_Stream0_IRQHandler
                0x0000000008002354                CAN1_TX_IRQHandler
                0x0000000008002354                FMPI2C1_ER_IRQHandler
                0x0000000008002354                EXTI4_IRQHandler
                0x0000000008002354                OTG_HS_EP1_OUT_IRQHandler
                0x0000000008002354                WWDG_IRQHandler
                0x0000000008002354                TIM2_IRQHandler
                0x0000000008002354                OTG_FS_WKUP_IRQHandler
                0x0000000008002354                TIM1_TRG_COM_TIM11_IRQHandler
                0x0000000008002354                OTG_HS_IRQHandler
                0x0000000008002354                EXTI1_IRQHandler
                0x0000000008002354                USART2_IRQHandler
                0x0000000008002354                I2C2_ER_IRQHandler
                0x0000000008002354                DMA2_Stream1_IRQHandler
                0x0000000008002354                CAN1_SCE_IRQHandler
                0x0000000008002354                FLASH_IRQHandler
                0x0000000008002354                DMA2_Stream4_IRQHandler
                0x0000000008002354                USART1_IRQHandler
                0x0000000008002354                OTG_FS_IRQHandler
                0x0000000008002354                SPI3_IRQHandler
                0x0000000008002354                DMA1_Stream4_IRQHandler
                0x0000000008002354                I2C1_ER_IRQHandler
                0x0000000008002354                FMC_IRQHandler
                0x0000000008002354                DMA2_Stream6_IRQHandler
                0x0000000008002354                SAI1_IRQHandler
                0x0000000008002354                DMA1_Stream3_IRQHandler
 *fill*         0x0000000008002356        0x2 
 .text.HAL_Init
                0x0000000008002358       0x44 ./Drivers/STM32F4xx_HAL_Driver/Src/stm32f4xx_hal.o
                0x0000000008002358                HAL_Init
 .text.HAL_InitTick
                0x000000000800239c       0x60 ./Drivers/STM32F4xx_HAL_Driver/Src/stm32f4xx_hal.o
                0x000000000800239c                HAL_InitTick
 .text.HAL_IncTick
                0x00000000080023fc       0x28 ./Drivers/STM32F4xx_HAL_Driver/Src/stm32f4xx_hal.o
                0x00000000080023fc                HAL_IncTick
 .text.HAL_GetTick
                0x0000000008002424       0x18 ./Drivers/STM32F4xx_HAL_Driver/Src/stm32f4xx_hal.o
                0x0000000008002424                HAL_GetTick
 .text.HAL_Delay
                0x000000000800243c       0x48 ./Drivers/STM32F4xx_HAL_Driver/Src/stm32f4xx_hal.o
                0x000000000800243c                HAL_Delay
 .text.HAL_ADC_Init
                0x0000000008002484       0x86 ./Drivers/STM32F4xx_HAL_Driver/Src/stm32f4xx_hal_adc.o
                0x0000000008002484                HAL_ADC_Init
 *fill*         0x000000000800250a        0x2 
 .text.HAL_ADC_Start
                0x000000000800250c      0x1a4 ./Drivers/STM32F4xx_HAL_Driver/Src/stm32f4xx_hal_adc.o
                0x000000000800250c                HAL_ADC_Start
 .text.HAL_ADC_PollForConversion
                0x00000000080026b0      0x116 ./Drivers/STM32F4xx_HAL_Driver/Src/stm32f4xx_hal_adc.o
                0x00000000080026b0                HAL_ADC_PollForConversion
 .text.HAL_ADC_IRQHandler
                0x00000000080027c6      0x220 ./Drivers/STM32F4xx_HAL_Driver/Src/stm32f4xx_hal_adc.o
                0x00000000080027c6                HAL_ADC_IRQHandler
 .text.HAL_ADC_GetValue
                0x00000000080029e6       0x1a ./Drivers/STM32F4xx_HAL_Driver/Src/stm32f4xx_hal_adc.o
                0x00000000080029e6                HAL_ADC_GetValue
 .text.HAL_ADC_LevelOutOfWindowCallback
                0x0000000008002a00       0x14 ./Drivers/STM32F4xx_HAL_Driver/Src/stm32f4xx_hal_adc.o
                0x0000000008002a00                HAL_ADC_LevelOutOfWindowCallback
 .text.HAL_ADC_ErrorCallback
                0x0000000008002a14       0x14 ./Drivers/STM32F4xx_HAL_Driver/Src/stm32f4xx_hal_adc.o
                0x0000000008002a14                HAL_ADC_ErrorCallback
 .text.HAL_ADC_ConfigChannel
                0x0000000008002a28      0x264 ./Drivers/STM32F4xx_HAL_Driver/Src/stm32f4xx_hal_adc.o
                0x0000000008002a28                HAL_ADC_ConfigChannel
 .text.ADC_Init
                0x0000000008002c8c      0x1f8 ./Drivers/STM32F4xx_HAL_Driver/Src/stm32f4xx_hal_adc.o
 .text.HAL_ADCEx_InjectedConvCpltCallback
                0x0000000008002e84       0x14 ./Drivers/STM32F4xx_HAL_Driver/Src/stm32f4xx_hal_adc_ex.o
                0x0000000008002e84                HAL_ADCEx_InjectedConvCpltCallback
 .text.__NVIC_SetPriorityGrouping
                0x0000000008002e98       0x48 ./Drivers/STM32F4xx_HAL_Driver/Src/stm32f4xx_hal_cortex.o
 .text.__NVIC_GetPriorityGrouping
                0x0000000008002ee0       0x1c ./Drivers/STM32F4xx_HAL_Driver/Src/stm32f4xx_hal_cortex.o
 .text.__NVIC_EnableIRQ
                0x0000000008002efc       0x3c ./Drivers/STM32F4xx_HAL_Driver/Src/stm32f4xx_hal_cortex.o
 .text.__NVIC_SetPriority
                0x0000000008002f38       0x54 ./Drivers/STM32F4xx_HAL_Driver/Src/stm32f4xx_hal_cortex.o
 .text.NVIC_EncodePriority
                0x0000000008002f8c       0x66 ./Drivers/STM32F4xx_HAL_Driver/Src/stm32f4xx_hal_cortex.o
 *fill*         0x0000000008002ff2        0x2 
 .text.SysTick_Config
                0x0000000008002ff4       0x44 ./Drivers/STM32F4xx_HAL_Driver/Src/stm32f4xx_hal_cortex.o
 .text.HAL_NVIC_SetPriorityGrouping
                0x0000000008003038       0x16 ./Drivers/STM32F4xx_HAL_Driver/Src/stm32f4xx_hal_cortex.o
                0x0000000008003038                HAL_NVIC_SetPriorityGrouping
 .text.HAL_NVIC_SetPriority
                0x000000000800304e       0x38 ./Drivers/STM32F4xx_HAL_Driver/Src/stm32f4xx_hal_cortex.o
                0x000000000800304e                HAL_NVIC_SetPriority
 .text.HAL_NVIC_EnableIRQ
                0x0000000008003086       0x1c ./Drivers/STM32F4xx_HAL_Driver/Src/stm32f4xx_hal_cortex.o
                0x0000000008003086                HAL_NVIC_EnableIRQ
 .text.HAL_SYSTICK_Config
                0x00000000080030a2       0x18 ./Drivers/STM32F4xx_HAL_Driver/Src/stm32f4xx_hal_cortex.o
                0x00000000080030a2                HAL_SYSTICK_Config
 *fill*         0x00000000080030ba        0x2 
 .text.HAL_GPIO_Init
                0x00000000080030bc      0x328 ./Drivers/STM32F4xx_HAL_Driver/Src/stm32f4xx_hal_gpio.o
                0x00000000080030bc                HAL_GPIO_Init
 .text.HAL_GPIO_ReadPin
                0x00000000080033e4       0x30 ./Drivers/STM32F4xx_HAL_Driver/Src/stm32f4xx_hal_gpio.o
                0x00000000080033e4                HAL_GPIO_ReadPin
 .text.HAL_GPIO_WritePin
                0x0000000008003414       0x32 ./Drivers/STM32F4xx_HAL_Driver/Src/stm32f4xx_hal_gpio.o
                0x0000000008003414                HAL_GPIO_WritePin
 .text.HAL_GPIO_TogglePin
                0x0000000008003446       0x34 ./Drivers/STM32F4xx_HAL_Driver/Src/stm32f4xx_hal_gpio.o
                0x0000000008003446                HAL_GPIO_TogglePin
 *fill*         0x000000000800347a        0x2 
 .text.HAL_I2C_Init
                0x000000000800347c      0x288 ./Drivers/STM32F4xx_HAL_Driver/Src/stm32f4xx_hal_i2c.o
                0x000000000800347c                HAL_I2C_Init
 .text.HAL_I2C_Master_Transmit
                0x0000000008003704      0x1fc ./Drivers/STM32F4xx_HAL_Driver/Src/stm32f4xx_hal_i2c.o
                0x0000000008003704                HAL_I2C_Master_Transmit
 .text.I2C_MasterRequestWrite
                0x0000000008003900      0x104 ./Drivers/STM32F4xx_HAL_Driver/Src/stm32f4xx_hal_i2c.o
 .text.I2C_WaitOnFlagUntilTimeout
                0x0000000008003a04       0xf4 ./Drivers/STM32F4xx_HAL_Driver/Src/stm32f4xx_hal_i2c.o
 .text.I2C_WaitOnMasterAddressFlagUntilTimeout
                0x0000000008003af8      0x140 ./Drivers/STM32F4xx_HAL_Driver/Src/stm32f4xx_hal_i2c.o
 .text.I2C_WaitOnTXEFlagUntilTimeout
                0x0000000008003c38       0x90 ./Drivers/STM32F4xx_HAL_Driver/Src/stm32f4xx_hal_i2c.o
 .text.I2C_WaitOnBTFFlagUntilTimeout
                0x0000000008003cc8       0x90 ./Drivers/STM32F4xx_HAL_Driver/Src/stm32f4xx_hal_i2c.o
 .text.I2C_IsAcknowledgeFailed
                0x0000000008003d58       0x5e ./Drivers/STM32F4xx_HAL_Driver/Src/stm32f4xx_hal_i2c.o
 *fill*         0x0000000008003db6        0x2 
 .text.HAL_RCC_ClockConfig
                0x0000000008003db8      0x1cc ./Drivers/STM32F4xx_HAL_Driver/Src/stm32f4xx_hal_rcc.o
                0x0000000008003db8                HAL_RCC_ClockConfig
 .text.HAL_RCC_GetHCLKFreq
                0x0000000008003f84       0x18 ./Drivers/STM32F4xx_HAL_Driver/Src/stm32f4xx_hal_rcc.o
                0x0000000008003f84                HAL_RCC_GetHCLKFreq
 .text.HAL_RCC_GetPCLK1Freq
                0x0000000008003f9c       0x28 ./Drivers/STM32F4xx_HAL_Driver/Src/stm32f4xx_hal_rcc.o
                0x0000000008003f9c                HAL_RCC_GetPCLK1Freq
 .text.HAL_RCC_GetSysClockFreq
                0x0000000008003fc4      0x354 ./Drivers/STM32F4xx_HAL_Driver/Src/stm32f4xx_hal_rcc_ex.o
                0x0000000008003fc4                HAL_RCC_GetSysClockFreq
 .text.HAL_RCC_OscConfig
                0x0000000008004318      0x53c ./Drivers/STM32F4xx_HAL_Driver/Src/stm32f4xx_hal_rcc_ex.o
                0x0000000008004318                HAL_RCC_OscConfig
 .text.HAL_TIM_Base_Init
                0x0000000008004854       0x9e ./Drivers/STM32F4xx_HAL_Driver/Src/stm32f4xx_hal_tim.o
                0x0000000008004854                HAL_TIM_Base_Init
 *fill*         0x00000000080048f2        0x2 
 .text.HAL_TIM_Base_Start
                0x00000000080048f4       0xd0 ./Drivers/STM32F4xx_HAL_Driver/Src/stm32f4xx_hal_tim.o
                0x00000000080048f4                HAL_TIM_Base_Start
 .text.HAL_TIM_PWM_Init
                0x00000000080049c4       0x9e ./Drivers/STM32F4xx_HAL_Driver/Src/stm32f4xx_hal_tim.o
                0x00000000080049c4                HAL_TIM_PWM_Init
 *fill*         0x0000000008004a62        0x2 
 .text.HAL_TIM_PWM_Start
                0x0000000008004a64      0x190 ./Drivers/STM32F4xx_HAL_Driver/Src/stm32f4xx_hal_tim.o
                0x0000000008004a64                HAL_TIM_PWM_Start
 .text.HAL_TIM_PWM_ConfigChannel
                0x0000000008004bf4      0x184 ./Drivers/STM32F4xx_HAL_Driver/Src/stm32f4xx_hal_tim.o
                0x0000000008004bf4                HAL_TIM_PWM_ConfigChannel
 .text.HAL_TIM_ConfigClockSource
                0x0000000008004d78      0x18e ./Drivers/STM32F4xx_HAL_Driver/Src/stm32f4xx_hal_tim.o
                0x0000000008004d78                HAL_TIM_ConfigClockSource
 *fill*         0x0000000008004f06        0x2 
 .text.TIM_Base_SetConfig
                0x0000000008004f08      0x158 ./Drivers/STM32F4xx_HAL_Driver/Src/stm32f4xx_hal_tim.o
                0x0000000008004f08                TIM_Base_SetConfig
 .text.TIM_OC1_SetConfig
                0x0000000008005060       0xe0 ./Drivers/STM32F4xx_HAL_Driver/Src/stm32f4xx_hal_tim.o
 .text.TIM_OC2_SetConfig
                0x0000000008005140       0xec ./Drivers/STM32F4xx_HAL_Driver/Src/stm32f4xx_hal_tim.o
                0x0000000008005140                TIM_OC2_SetConfig
 .text.TIM_OC3_SetConfig
                0x000000000800522c       0xe8 ./Drivers/STM32F4xx_HAL_Driver/Src/stm32f4xx_hal_tim.o
 .text.TIM_OC4_SetConfig
                0x0000000008005314       0xac ./Drivers/STM32F4xx_HAL_Driver/Src/stm32f4xx_hal_tim.o
 .text.TIM_TI1_ConfigInputStage
                0x00000000080053c0       0x5e ./Drivers/STM32F4xx_HAL_Driver/Src/stm32f4xx_hal_tim.o
 .text.TIM_TI2_ConfigInputStage
                0x000000000800541e       0x60 ./Drivers/STM32F4xx_HAL_Driver/Src/stm32f4xx_hal_tim.o
 .text.TIM_ITRx_SetConfig
                0x000000000800547e       0x36 ./Drivers/STM32F4xx_HAL_Driver/Src/stm32f4xx_hal_tim.o
 .text.TIM_ETR_SetConfig
                0x00000000080054b4       0x40 ./Drivers/STM32F4xx_HAL_Driver/Src/stm32f4xx_hal_tim.o
                0x00000000080054b4                TIM_ETR_SetConfig
 .text.TIM_CCxChannelCmd
                0x00000000080054f4       0x4a ./Drivers/STM32F4xx_HAL_Driver/Src/stm32f4xx_hal_tim.o
                0x00000000080054f4                TIM_CCxChannelCmd
 *fill*         0x000000000800553e        0x2 
 .text.HAL_TIMEx_MasterConfigSynchronization
                0x0000000008005540       0xf8 ./Drivers/STM32F4xx_HAL_Driver/Src/stm32f4xx_hal_tim_ex.o
                0x0000000008005540                HAL_TIMEx_MasterConfigSynchronization
 .text.__itoa   0x0000000008005638       0x30 C:/ST/STM32CubeIDE_1.14.0/STM32CubeIDE/plugins/com.st.stm32cube.ide.mcu.externaltools.gnu-tools-for-stm32.11.3.rel1.win32_1.1.100.202309141235/tools/bin/../lib/gcc/arm-none-eabi/11.3.1/../../../../arm-none-eabi/lib/thumb/v7e-m+fp/hard\libc_nano.a(libc_a-itoa.o)
                0x0000000008005638                __itoa
 .text.itoa     0x0000000008005668        0x4 C:/ST/STM32CubeIDE_1.14.0/STM32CubeIDE/plugins/com.st.stm32cube.ide.mcu.externaltools.gnu-tools-for-stm32.11.3.rel1.win32_1.1.100.202309141235/tools/bin/../lib/gcc/arm-none-eabi/11.3.1/../../../../arm-none-eabi/lib/thumb/v7e-m+fp/hard\libc_nano.a(libc_a-itoa.o)
                0x0000000008005668                itoa
 .text.__utoa   0x000000000800566c       0x84 C:/ST/STM32CubeIDE_1.14.0/STM32CubeIDE/plugins/com.st.stm32cube.ide.mcu.externaltools.gnu-tools-for-stm32.11.3.rel1.win32_1.1.100.202309141235/tools/bin/../lib/gcc/arm-none-eabi/11.3.1/../../../../arm-none-eabi/lib/thumb/v7e-m+fp/hard\libc_nano.a(libc_a-utoa.o)
                0x000000000800566c                __utoa
 .text.memset   0x00000000080056f0       0x10 C:/ST/STM32CubeIDE_1.14.0/STM32CubeIDE/plugins/com.st.stm32cube.ide.mcu.externaltools.gnu-tools-for-stm32.11.3.rel1.win32_1.1.100.202309141235/tools/bin/../lib/gcc/arm-none-eabi/11.3.1/../../../../arm-none-eabi/lib/thumb/v7e-m+fp/hard\libc_nano.a(libc_a-memset.o)
                0x00000000080056f0                memset
 .text.__libc_init_array
                0x0000000008005700       0x48 C:/ST/STM32CubeIDE_1.14.0/STM32CubeIDE/plugins/com.st.stm32cube.ide.mcu.externaltools.gnu-tools-for-stm32.11.3.rel1.win32_1.1.100.202309141235/tools/bin/../lib/gcc/arm-none-eabi/11.3.1/../../../../arm-none-eabi/lib/thumb/v7e-m+fp/hard\libc_nano.a(libc_a-init.o)
                0x0000000008005700                __libc_init_array
 *(.glue_7)
 .glue_7        0x0000000008005748        0x0 linker stubs
 *(.glue_7t)
 .glue_7t       0x0000000008005748        0x0 linker stubs
 *(.eh_frame)
 .eh_frame      0x0000000008005748        0x0 C:/ST/STM32CubeIDE_1.14.0/STM32CubeIDE/plugins/com.st.stm32cube.ide.mcu.externaltools.gnu-tools-for-stm32.11.3.rel1.win32_1.1.100.202309141235/tools/bin/../lib/gcc/arm-none-eabi/11.3.1/thumb/v7e-m+fp/hard/crtbegin.o
 *(.init)
 .init          0x0000000008005748        0x4 C:/ST/STM32CubeIDE_1.14.0/STM32CubeIDE/plugins/com.st.stm32cube.ide.mcu.externaltools.gnu-tools-for-stm32.11.3.rel1.win32_1.1.100.202309141235/tools/bin/../lib/gcc/arm-none-eabi/11.3.1/thumb/v7e-m+fp/hard/crti.o
                0x0000000008005748                _init
 .init          0x000000000800574c        0x8 C:/ST/STM32CubeIDE_1.14.0/STM32CubeIDE/plugins/com.st.stm32cube.ide.mcu.externaltools.gnu-tools-for-stm32.11.3.rel1.win32_1.1.100.202309141235/tools/bin/../lib/gcc/arm-none-eabi/11.3.1/thumb/v7e-m+fp/hard/crtn.o
 *(.fini)
 .fini          0x0000000008005754        0x4 C:/ST/STM32CubeIDE_1.14.0/STM32CubeIDE/plugins/com.st.stm32cube.ide.mcu.externaltools.gnu-tools-for-stm32.11.3.rel1.win32_1.1.100.202309141235/tools/bin/../lib/gcc/arm-none-eabi/11.3.1/thumb/v7e-m+fp/hard/crti.o
                0x0000000008005754                _fini
 .fini          0x0000000008005758        0x8 C:/ST/STM32CubeIDE_1.14.0/STM32CubeIDE/plugins/com.st.stm32cube.ide.mcu.externaltools.gnu-tools-for-stm32.11.3.rel1.win32_1.1.100.202309141235/tools/bin/../lib/gcc/arm-none-eabi/11.3.1/thumb/v7e-m+fp/hard/crtn.o
                0x0000000008005760                . = ALIGN (0x4)
                0x0000000008005760                _etext = .

.vfp11_veneer   0x0000000008005760        0x0
 .vfp11_veneer  0x0000000008005760        0x0 linker stubs

.v4_bx          0x0000000008005760        0x0
 .v4_bx         0x0000000008005760        0x0 linker stubs

.iplt           0x0000000008005760        0x0
 .iplt          0x0000000008005760        0x0 C:/ST/STM32CubeIDE_1.14.0/STM32CubeIDE/plugins/com.st.stm32cube.ide.mcu.externaltools.gnu-tools-for-stm32.11.3.rel1.win32_1.1.100.202309141235/tools/bin/../lib/gcc/arm-none-eabi/11.3.1/thumb/v7e-m+fp/hard/crtbegin.o

.rodata         0x0000000008005760       0x9c
                0x0000000008005760                . = ALIGN (0x4)
 *(.rodata)
 .rodata        0x0000000008005760       0x10 ./Core/Src/liquidcrystal_i2c.o
 .rodata        0x0000000008005770       0x49 ./Core/Src/main.o
 *(.rodata*)
 *fill*         0x00000000080057b9        0x3 
 .rodata.AHBPrescTable
                0x00000000080057bc       0x10 ./Core/Src/system_stm32f4xx.o
                0x00000000080057bc                AHBPrescTable
 .rodata.APBPrescTable
                0x00000000080057cc        0x8 ./Core/Src/system_stm32f4xx.o
                0x00000000080057cc                APBPrescTable
 .rodata.__utoa.str1.1
                0x00000000080057d4       0x25 C:/ST/STM32CubeIDE_1.14.0/STM32CubeIDE/plugins/com.st.stm32cube.ide.mcu.externaltools.gnu-tools-for-stm32.11.3.rel1.win32_1.1.100.202309141235/tools/bin/../lib/gcc/arm-none-eabi/11.3.1/../../../../arm-none-eabi/lib/thumb/v7e-m+fp/hard\libc_nano.a(libc_a-utoa.o)
                0x00000000080057fc                . = ALIGN (0x4)
 *fill*         0x00000000080057f9        0x3 

.ARM.extab      0x00000000080057fc        0x0
                0x00000000080057fc                . = ALIGN (0x4)
 *(.ARM.extab* .gnu.linkonce.armextab.*)
                0x00000000080057fc                . = ALIGN (0x4)

.ARM            0x00000000080057fc        0x8
                0x00000000080057fc                . = ALIGN (0x4)
                0x00000000080057fc                __exidx_start = .
 *(.ARM.exidx*)
 .ARM.exidx     0x00000000080057fc        0x8 C:/ST/STM32CubeIDE_1.14.0/STM32CubeIDE/plugins/com.st.stm32cube.ide.mcu.externaltools.gnu-tools-for-stm32.11.3.rel1.win32_1.1.100.202309141235/tools/bin/../lib/gcc/arm-none-eabi/11.3.1/thumb/v7e-m+fp/hard\libgcc.a(_udivmoddi4.o)
                0x0000000008005804                __exidx_end = .
                0x0000000008005804                . = ALIGN (0x4)

.rel.dyn        0x0000000008005804        0x0
 .rel.iplt      0x0000000008005804        0x0 C:/ST/STM32CubeIDE_1.14.0/STM32CubeIDE/plugins/com.st.stm32cube.ide.mcu.externaltools.gnu-tools-for-stm32.11.3.rel1.win32_1.1.100.202309141235/tools/bin/../lib/gcc/arm-none-eabi/11.3.1/thumb/v7e-m+fp/hard/crtbegin.o

.preinit_array  0x0000000008005804        0x0
                0x0000000008005804                . = ALIGN (0x4)
                0x0000000008005804                PROVIDE (__preinit_array_start = .)
 *(.preinit_array*)
                0x0000000008005804                PROVIDE (__preinit_array_end = .)
                0x0000000008005804                . = ALIGN (0x4)

.init_array     0x0000000008005804        0x4
                0x0000000008005804                . = ALIGN (0x4)
                0x0000000008005804                PROVIDE (__init_array_start = .)
 *(SORT_BY_NAME(.init_array.*))
 *(.init_array*)
 .init_array    0x0000000008005804        0x4 C:/ST/STM32CubeIDE_1.14.0/STM32CubeIDE/plugins/com.st.stm32cube.ide.mcu.externaltools.gnu-tools-for-stm32.11.3.rel1.win32_1.1.100.202309141235/tools/bin/../lib/gcc/arm-none-eabi/11.3.1/thumb/v7e-m+fp/hard/crtbegin.o
                0x0000000008005808                PROVIDE (__init_array_end = .)
                0x0000000008005808                . = ALIGN (0x4)

.fini_array     0x0000000008005808        0x4
                0x0000000008005808                . = ALIGN (0x4)
                [!provide]                        PROVIDE (__fini_array_start = .)
 *(SORT_BY_NAME(.fini_array.*))
 *(.fini_array*)
 .fini_array    0x0000000008005808        0x4 C:/ST/STM32CubeIDE_1.14.0/STM32CubeIDE/plugins/com.st.stm32cube.ide.mcu.externaltools.gnu-tools-for-stm32.11.3.rel1.win32_1.1.100.202309141235/tools/bin/../lib/gcc/arm-none-eabi/11.3.1/thumb/v7e-m+fp/hard/crtbegin.o
                [!provide]                        PROVIDE (__fini_array_end = .)
                0x000000000800580c                . = ALIGN (0x4)
                0x000000000800580c                _sidata = LOADADDR (.data)

.data           0x0000000020000000       0x1c load address 0x000000000800580c
                0x0000000020000000                . = ALIGN (0x4)
                0x0000000020000000                _sdata = .
 *(.data)
 *(.data*)
 .data.special1
                0x0000000020000000        0x8 ./Core/Src/liquidcrystal_i2c.o
                0x0000000020000000                special1
 .data.special2
                0x0000000020000008        0x8 ./Core/Src/liquidcrystal_i2c.o
                0x0000000020000008                special2
 .data.SystemCoreClock
                0x0000000020000010        0x4 ./Core/Src/system_stm32f4xx.o
                0x0000000020000010                SystemCoreClock
 .data.uwTickPrio
                0x0000000020000014        0x4 ./Drivers/STM32F4xx_HAL_Driver/Src/stm32f4xx_hal.o
                0x0000000020000014                uwTickPrio
 .data.uwTickFreq
                0x0000000020000018        0x1 ./Drivers/STM32F4xx_HAL_Driver/Src/stm32f4xx_hal.o
                0x0000000020000018                uwTickFreq
 *(.RamFunc)
 *(.RamFunc*)
                0x000000002000001c                . = ALIGN (0x4)
 *fill*         0x0000000020000019        0x3 
                0x000000002000001c                _edata = .

.igot.plt       0x000000002000001c        0x0 load address 0x0000000008005828
 .igot.plt      0x000000002000001c        0x0 C:/ST/STM32CubeIDE_1.14.0/STM32CubeIDE/plugins/com.st.stm32cube.ide.mcu.externaltools.gnu-tools-for-stm32.11.3.rel1.win32_1.1.100.202309141235/tools/bin/../lib/gcc/arm-none-eabi/11.3.1/thumb/v7e-m+fp/hard/crtbegin.o
                0x000000002000001c                . = ALIGN (0x4)

.bss            0x000000002000001c      0x1c4 load address 0x0000000008005828
                0x000000002000001c                _sbss = .
                0x000000002000001c                __bss_start__ = _sbss
 *(.bss)
 .bss           0x000000002000001c       0x1c C:/ST/STM32CubeIDE_1.14.0/STM32CubeIDE/plugins/com.st.stm32cube.ide.mcu.externaltools.gnu-tools-for-stm32.11.3.rel1.win32_1.1.100.202309141235/tools/bin/../lib/gcc/arm-none-eabi/11.3.1/thumb/v7e-m+fp/hard/crtbegin.o
 *(.bss*)
 .bss.dpFunction
                0x0000000020000038        0x1 ./Core/Src/liquidcrystal_i2c.o
                0x0000000020000038                dpFunction
 .bss.dpControl
                0x0000000020000039        0x1 ./Core/Src/liquidcrystal_i2c.o
                0x0000000020000039                dpControl
 .bss.dpMode    0x000000002000003a        0x1 ./Core/Src/liquidcrystal_i2c.o
                0x000000002000003a                dpMode
 .bss.dpRows    0x000000002000003b        0x1 ./Core/Src/liquidcrystal_i2c.o
                0x000000002000003b                dpRows
 .bss.dpBacklight
                0x000000002000003c        0x1 ./Core/Src/liquidcrystal_i2c.o
                0x000000002000003c                dpBacklight
 .bss.RHI       0x000000002000003d        0x1 ./Core/Src/main.o
                0x000000002000003d                RHI
 .bss.RHD       0x000000002000003e        0x1 ./Core/Src/main.o
                0x000000002000003e                RHD
 .bss.TCI       0x000000002000003f        0x1 ./Core/Src/main.o
                0x000000002000003f                TCI
 .bss.TCD       0x0000000020000040        0x1 ./Core/Src/main.o
                0x0000000020000040                TCD
 .bss.SUM       0x0000000020000041        0x1 ./Core/Src/main.o
                0x0000000020000041                SUM
 *fill*         0x0000000020000042        0x2 
 .bss.pMillis   0x0000000020000044        0x4 ./Core/Src/main.o
                0x0000000020000044                pMillis
 .bss.cMillis   0x0000000020000048        0x4 ./Core/Src/main.o
                0x0000000020000048                cMillis
 .bss.tCelsius  0x000000002000004c        0x4 ./Core/Src/main.o
                0x000000002000004c                tCelsius
 .bss.tFahrenheit
                0x0000000020000050        0x4 ./Core/Src/main.o
                0x0000000020000050                tFahrenheit
 .bss.RH        0x0000000020000054        0x4 ./Core/Src/main.o
                0x0000000020000054                RH
 .bss.TFI       0x0000000020000058        0x1 ./Core/Src/main.o
                0x0000000020000058                TFI
 .bss.TFD       0x0000000020000059        0x1 ./Core/Src/main.o
                0x0000000020000059                TFD
 .bss.sayac     0x000000002000005a        0x2 ./Core/Src/main.o
                0x000000002000005a                sayac
 .bss.mesafe    0x000000002000005c        0x2 ./Core/Src/main.o
                0x000000002000005c                mesafe
 .bss.waterValue
                0x000000002000005e        0x2 ./Core/Src/main.o
                0x000000002000005e                waterValue
 .bss.lightValue
                0x0000000020000060        0x2 ./Core/Src/main.o
                0x0000000020000060                lightValue
 .bss.waterFlag
                0x0000000020000062        0x1 ./Core/Src/main.o
                0x0000000020000062                waterFlag
 .bss.gasFlag   0x0000000020000063        0x1 ./Core/Src/main.o
                0x0000000020000063                gasFlag
 .bss.ldrFlag   0x0000000020000064        0x1 ./Core/Src/main.o
                0x0000000020000064                ldrFlag
 .bss.mesafeFlag
                0x0000000020000065        0x1 ./Core/Src/main.o
                0x0000000020000065                mesafeFlag
 .bss.kilitliMi
                0x0000000020000066        0x1 ./Core/Src/main.o
                0x0000000020000066                kilitliMi
 *fill*         0x0000000020000067        0x1 
 .bss.hadc1     0x0000000020000068       0x48 ./Core/Src/main.o
                0x0000000020000068                hadc1
 .bss.hadc2     0x00000000200000b0       0x48 ./Core/Src/main.o
                0x00000000200000b0                hadc2
 .bss.hi2c1     0x00000000200000f8       0x54 ./Core/Src/main.o
                0x00000000200000f8                hi2c1
 .bss.htim1     0x000000002000014c       0x48 ./Core/Src/main.o
                0x000000002000014c                htim1
 .bss.htim2     0x0000000020000194       0x48 ./Core/Src/main.o
                0x0000000020000194                htim2
 .bss.uwTick    0x00000000200001dc        0x4 ./Drivers/STM32F4xx_HAL_Driver/Src/stm32f4xx_hal.o
                0x00000000200001dc                uwTick
 *(COMMON)
                0x00000000200001e0                . = ALIGN (0x4)
                0x00000000200001e0                _ebss = .
                0x00000000200001e0                __bss_end__ = _ebss

._user_heap_stack
                0x00000000200001e0      0x600 load address 0x0000000008005828
                0x00000000200001e0                . = ALIGN (0x8)
                [!provide]                        PROVIDE (end = .)
                0x00000000200001e0                PROVIDE (_end = .)
                0x00000000200003e0                . = (. + _Min_Heap_Size)
 *fill*         0x00000000200001e0      0x200 
                0x00000000200007e0                . = (. + _Min_Stack_Size)
 *fill*         0x00000000200003e0      0x400 
                0x00000000200007e0                . = ALIGN (0x8)

/DISCARD/
 libc.a(*)
 libm.a(*)
 libgcc.a(*)

.ARM.attributes
                0x0000000000000000       0x30
 *(.ARM.attributes)
 .ARM.attributes
                0x0000000000000000       0x1e C:/ST/STM32CubeIDE_1.14.0/STM32CubeIDE/plugins/com.st.stm32cube.ide.mcu.externaltools.gnu-tools-for-stm32.11.3.rel1.win32_1.1.100.202309141235/tools/bin/../lib/gcc/arm-none-eabi/11.3.1/thumb/v7e-m+fp/hard/crti.o
 .ARM.attributes
                0x000000000000001e       0x34 C:/ST/STM32CubeIDE_1.14.0/STM32CubeIDE/plugins/com.st.stm32cube.ide.mcu.externaltools.gnu-tools-for-stm32.11.3.rel1.win32_1.1.100.202309141235/tools/bin/../lib/gcc/arm-none-eabi/11.3.1/thumb/v7e-m+fp/hard/crtbegin.o
 .ARM.attributes
                0x0000000000000052       0x34 ./Core/Src/liquidcrystal_i2c.o
 .ARM.attributes
                0x0000000000000086       0x34 ./Core/Src/main.o
 .ARM.attributes
                0x00000000000000ba       0x34 ./Core/Src/stm32f4xx_hal_msp.o
 .ARM.attributes
                0x00000000000000ee       0x34 ./Core/Src/stm32f4xx_it.o
 .ARM.attributes
                0x0000000000000122       0x34 ./Core/Src/system_stm32f4xx.o
 .ARM.attributes
                0x0000000000000156       0x21 ./Core/Startup/startup_stm32f446retx.o
 .ARM.attributes
                0x0000000000000177       0x34 ./Drivers/STM32F4xx_HAL_Driver/Src/stm32f4xx_hal.o
 .ARM.attributes
                0x00000000000001ab       0x34 ./Drivers/STM32F4xx_HAL_Driver/Src/stm32f4xx_hal_adc.o
 .ARM.attributes
                0x00000000000001df       0x34 ./Drivers/STM32F4xx_HAL_Driver/Src/stm32f4xx_hal_adc_ex.o
 .ARM.attributes
                0x0000000000000213       0x34 ./Drivers/STM32F4xx_HAL_Driver/Src/stm32f4xx_hal_cortex.o
 .ARM.attributes
                0x0000000000000247       0x34 ./Drivers/STM32F4xx_HAL_Driver/Src/stm32f4xx_hal_gpio.o
 .ARM.attributes
                0x000000000000027b       0x34 ./Drivers/STM32F4xx_HAL_Driver/Src/stm32f4xx_hal_i2c.o
 .ARM.attributes
                0x00000000000002af       0x34 ./Drivers/STM32F4xx_HAL_Driver/Src/stm32f4xx_hal_rcc.o
 .ARM.attributes
                0x00000000000002e3       0x34 ./Drivers/STM32F4xx_HAL_Driver/Src/stm32f4xx_hal_rcc_ex.o
 .ARM.attributes
                0x0000000000000317       0x34 ./Drivers/STM32F4xx_HAL_Driver/Src/stm32f4xx_hal_tim.o
 .ARM.attributes
                0x000000000000034b       0x34 ./Drivers/STM32F4xx_HAL_Driver/Src/stm32f4xx_hal_tim_ex.o
 .ARM.attributes
                0x000000000000037f       0x34 C:/ST/STM32CubeIDE_1.14.0/STM32CubeIDE/plugins/com.st.stm32cube.ide.mcu.externaltools.gnu-tools-for-stm32.11.3.rel1.win32_1.1.100.202309141235/tools/bin/../lib/gcc/arm-none-eabi/11.3.1/../../../../arm-none-eabi/lib/thumb/v7e-m+fp/hard\libc_nano.a(libc_a-itoa.o)
 .ARM.attributes
                0x00000000000003b3       0x34 C:/ST/STM32CubeIDE_1.14.0/STM32CubeIDE/plugins/com.st.stm32cube.ide.mcu.externaltools.gnu-tools-for-stm32.11.3.rel1.win32_1.1.100.202309141235/tools/bin/../lib/gcc/arm-none-eabi/11.3.1/../../../../arm-none-eabi/lib/thumb/v7e-m+fp/hard\libc_nano.a(libc_a-utoa.o)
 .ARM.attributes
                0x00000000000003e7       0x34 C:/ST/STM32CubeIDE_1.14.0/STM32CubeIDE/plugins/com.st.stm32cube.ide.mcu.externaltools.gnu-tools-for-stm32.11.3.rel1.win32_1.1.100.202309141235/tools/bin/../lib/gcc/arm-none-eabi/11.3.1/../../../../arm-none-eabi/lib/thumb/v7e-m+fp/hard\libc_nano.a(libc_a-memset.o)
 .ARM.attributes
                0x000000000000041b       0x34 C:/ST/STM32CubeIDE_1.14.0/STM32CubeIDE/plugins/com.st.stm32cube.ide.mcu.externaltools.gnu-tools-for-stm32.11.3.rel1.win32_1.1.100.202309141235/tools/bin/../lib/gcc/arm-none-eabi/11.3.1/../../../../arm-none-eabi/lib/thumb/v7e-m+fp/hard\libc_nano.a(libc_a-init.o)
 .ARM.attributes
                0x000000000000044f       0x1e C:/ST/STM32CubeIDE_1.14.0/STM32CubeIDE/plugins/com.st.stm32cube.ide.mcu.externaltools.gnu-tools-for-stm32.11.3.rel1.win32_1.1.100.202309141235/tools/bin/../lib/gcc/arm-none-eabi/11.3.1/thumb/v7e-m+fp/hard\libgcc.a(_arm_addsubdf3.o)
 .ARM.attributes
                0x000000000000046d       0x1e C:/ST/STM32CubeIDE_1.14.0/STM32CubeIDE/plugins/com.st.stm32cube.ide.mcu.externaltools.gnu-tools-for-stm32.11.3.rel1.win32_1.1.100.202309141235/tools/bin/../lib/gcc/arm-none-eabi/11.3.1/thumb/v7e-m+fp/hard\libgcc.a(_arm_muldivdf3.o)
 .ARM.attributes
                0x000000000000048b       0x1e C:/ST/STM32CubeIDE_1.14.0/STM32CubeIDE/plugins/com.st.stm32cube.ide.mcu.externaltools.gnu-tools-for-stm32.11.3.rel1.win32_1.1.100.202309141235/tools/bin/../lib/gcc/arm-none-eabi/11.3.1/thumb/v7e-m+fp/hard\libgcc.a(_arm_truncdfsf2.o)
 .ARM.attributes
                0x00000000000004a9       0x1e C:/ST/STM32CubeIDE_1.14.0/STM32CubeIDE/plugins/com.st.stm32cube.ide.mcu.externaltools.gnu-tools-for-stm32.11.3.rel1.win32_1.1.100.202309141235/tools/bin/../lib/gcc/arm-none-eabi/11.3.1/thumb/v7e-m+fp/hard\libgcc.a(_aeabi_uldivmod.o)
 .ARM.attributes
                0x00000000000004c7       0x34 C:/ST/STM32CubeIDE_1.14.0/STM32CubeIDE/plugins/com.st.stm32cube.ide.mcu.externaltools.gnu-tools-for-stm32.11.3.rel1.win32_1.1.100.202309141235/tools/bin/../lib/gcc/arm-none-eabi/11.3.1/thumb/v7e-m+fp/hard\libgcc.a(_udivmoddi4.o)
 .ARM.attributes
                0x00000000000004fb       0x1e C:/ST/STM32CubeIDE_1.14.0/STM32CubeIDE/plugins/com.st.stm32cube.ide.mcu.externaltools.gnu-tools-for-stm32.11.3.rel1.win32_1.1.100.202309141235/tools/bin/../lib/gcc/arm-none-eabi/11.3.1/thumb/v7e-m+fp/hard\libgcc.a(_dvmd_tls.o)
 .ARM.attributes
                0x0000000000000519       0x1e C:/ST/STM32CubeIDE_1.14.0/STM32CubeIDE/plugins/com.st.stm32cube.ide.mcu.externaltools.gnu-tools-for-stm32.11.3.rel1.win32_1.1.100.202309141235/tools/bin/../lib/gcc/arm-none-eabi/11.3.1/thumb/v7e-m+fp/hard/crtn.o
OUTPUT(mikro_proje_deneme.elf elf32-littlearm)
LOAD linker stubs
LOAD C:/ST/STM32CubeIDE_1.14.0/STM32CubeIDE/plugins/com.st.stm32cube.ide.mcu.externaltools.gnu-tools-for-stm32.11.3.rel1.win32_1.1.100.202309141235/tools/bin/../lib/gcc/arm-none-eabi/11.3.1/../../../../arm-none-eabi/lib/thumb/v7e-m+fp/hard\libc.a
LOAD C:/ST/STM32CubeIDE_1.14.0/STM32CubeIDE/plugins/com.st.stm32cube.ide.mcu.externaltools.gnu-tools-for-stm32.11.3.rel1.win32_1.1.100.202309141235/tools/bin/../lib/gcc/arm-none-eabi/11.3.1/../../../../arm-none-eabi/lib/thumb/v7e-m+fp/hard\libm.a
LOAD C:/ST/STM32CubeIDE_1.14.0/STM32CubeIDE/plugins/com.st.stm32cube.ide.mcu.externaltools.gnu-tools-for-stm32.11.3.rel1.win32_1.1.100.202309141235/tools/bin/../lib/gcc/arm-none-eabi/11.3.1/thumb/v7e-m+fp/hard\libgcc.a

.comment        0x0000000000000000       0x43
 .comment       0x0000000000000000       0x43 C:/ST/STM32CubeIDE_1.14.0/STM32CubeIDE/plugins/com.st.stm32cube.ide.mcu.externaltools.gnu-tools-for-stm32.11.3.rel1.win32_1.1.100.202309141235/tools/bin/../lib/gcc/arm-none-eabi/11.3.1/thumb/v7e-m+fp/hard/crtbegin.o
                                         0x44 (size before relaxing)
 .comment       0x0000000000000043       0x44 ./Core/Src/liquidcrystal_i2c.o
 .comment       0x0000000000000043       0x44 ./Core/Src/main.o
 .comment       0x0000000000000043       0x44 ./Core/Src/stm32f4xx_hal_msp.o
 .comment       0x0000000000000043       0x44 ./Core/Src/stm32f4xx_it.o
 .comment       0x0000000000000043       0x44 ./Core/Src/system_stm32f4xx.o
 .comment       0x0000000000000043       0x44 ./Drivers/STM32F4xx_HAL_Driver/Src/stm32f4xx_hal.o
 .comment       0x0000000000000043       0x44 ./Drivers/STM32F4xx_HAL_Driver/Src/stm32f4xx_hal_adc.o
 .comment       0x0000000000000043       0x44 ./Drivers/STM32F4xx_HAL_Driver/Src/stm32f4xx_hal_adc_ex.o
 .comment       0x0000000000000043       0x44 ./Drivers/STM32F4xx_HAL_Driver/Src/stm32f4xx_hal_cortex.o
 .comment       0x0000000000000043       0x44 ./Drivers/STM32F4xx_HAL_Driver/Src/stm32f4xx_hal_gpio.o
 .comment       0x0000000000000043       0x44 ./Drivers/STM32F4xx_HAL_Driver/Src/stm32f4xx_hal_i2c.o
 .comment       0x0000000000000043       0x44 ./Drivers/STM32F4xx_HAL_Driver/Src/stm32f4xx_hal_rcc.o
 .comment       0x0000000000000043       0x44 ./Drivers/STM32F4xx_HAL_Driver/Src/stm32f4xx_hal_rcc_ex.o
 .comment       0x0000000000000043       0x44 ./Drivers/STM32F4xx_HAL_Driver/Src/stm32f4xx_hal_tim.o
 .comment       0x0000000000000043       0x44 ./Drivers/STM32F4xx_HAL_Driver/Src/stm32f4xx_hal_tim_ex.o

.debug_info     0x0000000000000000     0xf10e
 .debug_info    0x0000000000000000      0xc72 ./Core/Src/liquidcrystal_i2c.o
 .debug_info    0x0000000000000c72     0x1a42 ./Core/Src/main.o
 .debug_info    0x00000000000026b4     0x13a6 ./Core/Src/stm32f4xx_hal_msp.o
 .debug_info    0x0000000000003a5a      0x624 ./Core/Src/stm32f4xx_it.o
 .debug_info    0x000000000000407e      0x54a ./Core/Src/system_stm32f4xx.o
 .debug_info    0x00000000000045c8       0x23 ./Core/Startup/startup_stm32f446retx.o
 .debug_info    0x00000000000045eb      0x99a ./Drivers/STM32F4xx_HAL_Driver/Src/stm32f4xx_hal.o
 .debug_info    0x0000000000004f85      0xcd4 ./Drivers/STM32F4xx_HAL_Driver/Src/stm32f4xx_hal_adc.o
 .debug_info    0x0000000000005c59      0xb59 ./Drivers/STM32F4xx_HAL_Driver/Src/stm32f4xx_hal_adc_ex.o
 .debug_info    0x00000000000067b2      0xd75 ./Drivers/STM32F4xx_HAL_Driver/Src/stm32f4xx_hal_cortex.o
 .debug_info    0x0000000000007527      0x70b ./Drivers/STM32F4xx_HAL_Driver/Src/stm32f4xx_hal_gpio.o
 .debug_info    0x0000000000007c32     0x2421 ./Drivers/STM32F4xx_HAL_Driver/Src/stm32f4xx_hal_i2c.o
 .debug_info    0x000000000000a053      0x8ed ./Drivers/STM32F4xx_HAL_Driver/Src/stm32f4xx_hal_rcc.o
 .debug_info    0x000000000000a940      0x956 ./Drivers/STM32F4xx_HAL_Driver/Src/stm32f4xx_hal_rcc_ex.o
 .debug_info    0x000000000000b296     0x299d ./Drivers/STM32F4xx_HAL_Driver/Src/stm32f4xx_hal_tim.o
 .debug_info    0x000000000000dc33     0x14db ./Drivers/STM32F4xx_HAL_Driver/Src/stm32f4xx_hal_tim_ex.o

.debug_abbrev   0x0000000000000000     0x23b5
 .debug_abbrev  0x0000000000000000      0x2cb ./Core/Src/liquidcrystal_i2c.o
 .debug_abbrev  0x00000000000002cb      0x3d4 ./Core/Src/main.o
 .debug_abbrev  0x000000000000069f      0x232 ./Core/Src/stm32f4xx_hal_msp.o
 .debug_abbrev  0x00000000000008d1      0x17e ./Core/Src/stm32f4xx_it.o
 .debug_abbrev  0x0000000000000a4f      0x11a ./Core/Src/system_stm32f4xx.o
 .debug_abbrev  0x0000000000000b69       0x12 ./Core/Startup/startup_stm32f446retx.o
 .debug_abbrev  0x0000000000000b7b      0x214 ./Drivers/STM32F4xx_HAL_Driver/Src/stm32f4xx_hal.o
 .debug_abbrev  0x0000000000000d8f      0x252 ./Drivers/STM32F4xx_HAL_Driver/Src/stm32f4xx_hal_adc.o
 .debug_abbrev  0x0000000000000fe1      0x270 ./Drivers/STM32F4xx_HAL_Driver/Src/stm32f4xx_hal_adc_ex.o
 .debug_abbrev  0x0000000000001251      0x328 ./Drivers/STM32F4xx_HAL_Driver/Src/stm32f4xx_hal_cortex.o
 .debug_abbrev  0x0000000000001579      0x1d4 ./Drivers/STM32F4xx_HAL_Driver/Src/stm32f4xx_hal_gpio.o
 .debug_abbrev  0x000000000000174d      0x2ad ./Drivers/STM32F4xx_HAL_Driver/Src/stm32f4xx_hal_i2c.o
 .debug_abbrev  0x00000000000019fa      0x2b6 ./Drivers/STM32F4xx_HAL_Driver/Src/stm32f4xx_hal_rcc.o
 .debug_abbrev  0x0000000000001cb0      0x20a ./Drivers/STM32F4xx_HAL_Driver/Src/stm32f4xx_hal_rcc_ex.o
 .debug_abbrev  0x0000000000001eba      0x278 ./Drivers/STM32F4xx_HAL_Driver/Src/stm32f4xx_hal_tim.o
 .debug_abbrev  0x0000000000002132      0x283 ./Drivers/STM32F4xx_HAL_Driver/Src/stm32f4xx_hal_tim_ex.o

.debug_aranges  0x0000000000000000      0xfd0
 .debug_aranges
                0x0000000000000000      0x110 ./Core/Src/liquidcrystal_i2c.o
 .debug_aranges
                0x0000000000000110       0xe0 ./Core/Src/main.o
 .debug_aranges
                0x00000000000001f0       0x68 ./Core/Src/stm32f4xx_hal_msp.o
 .debug_aranges
                0x0000000000000258       0x68 ./Core/Src/stm32f4xx_it.o
 .debug_aranges
                0x00000000000002c0       0x28 ./Core/Src/system_stm32f4xx.o
 .debug_aranges
                0x00000000000002e8       0x28 ./Core/Startup/startup_stm32f446retx.o
 .debug_aranges
                0x0000000000000310       0xf0 ./Drivers/STM32F4xx_HAL_Driver/Src/stm32f4xx_hal.o
 .debug_aranges
                0x0000000000000400       0xe8 ./Drivers/STM32F4xx_HAL_Driver/Src/stm32f4xx_hal_adc.o
 .debug_aranges
                0x00000000000004e8       0x90 ./Drivers/STM32F4xx_HAL_Driver/Src/stm32f4xx_hal_adc_ex.o
 .debug_aranges
                0x0000000000000578      0x120 ./Drivers/STM32F4xx_HAL_Driver/Src/stm32f4xx_hal_cortex.o
 .debug_aranges
                0x0000000000000698       0x58 ./Drivers/STM32F4xx_HAL_Driver/Src/stm32f4xx_hal_gpio.o
 .debug_aranges
                0x00000000000006f0      0x2a8 ./Drivers/STM32F4xx_HAL_Driver/Src/stm32f4xx_hal_i2c.o
 .debug_aranges
                0x0000000000000998       0x88 ./Drivers/STM32F4xx_HAL_Driver/Src/stm32f4xx_hal_rcc.o
 .debug_aranges
                0x0000000000000a20       0x78 ./Drivers/STM32F4xx_HAL_Driver/Src/stm32f4xx_hal_rcc_ex.o
 .debug_aranges
                0x0000000000000a98      0x3d0 ./Drivers/STM32F4xx_HAL_Driver/Src/stm32f4xx_hal_tim.o
 .debug_aranges
                0x0000000000000e68      0x168 ./Drivers/STM32F4xx_HAL_Driver/Src/stm32f4xx_hal_tim_ex.o

.debug_rnglists
                0x0000000000000000      0xc66
 .debug_rnglists
                0x0000000000000000       0xc8 ./Core/Src/liquidcrystal_i2c.o
 .debug_rnglists
                0x00000000000000c8       0xb0 ./Core/Src/main.o
 .debug_rnglists
                0x0000000000000178       0x4b ./Core/Src/stm32f4xx_hal_msp.o
 .debug_rnglists
                0x00000000000001c3       0x49 ./Core/Src/stm32f4xx_it.o
 .debug_rnglists
                0x000000000000020c       0x1a ./Core/Src/system_stm32f4xx.o
 .debug_rnglists
                0x0000000000000226       0x19 ./Core/Startup/startup_stm32f446retx.o
 .debug_rnglists
                0x000000000000023f       0xaf ./Drivers/STM32F4xx_HAL_Driver/Src/stm32f4xx_hal.o
 .debug_rnglists
                0x00000000000002ee       0xb5 ./Drivers/STM32F4xx_HAL_Driver/Src/stm32f4xx_hal_adc.o
 .debug_rnglists
                0x00000000000003a3       0x71 ./Drivers/STM32F4xx_HAL_Driver/Src/stm32f4xx_hal_adc_ex.o
 .debug_rnglists
                0x0000000000000414       0xd4 ./Drivers/STM32F4xx_HAL_Driver/Src/stm32f4xx_hal_cortex.o
 .debug_rnglists
                0x00000000000004e8       0x3f ./Drivers/STM32F4xx_HAL_Driver/Src/stm32f4xx_hal_gpio.o
 .debug_rnglists
                0x0000000000000527      0x23c ./Drivers/STM32F4xx_HAL_Driver/Src/stm32f4xx_hal_i2c.o
 .debug_rnglists
                0x0000000000000763       0x66 ./Drivers/STM32F4xx_HAL_Driver/Src/stm32f4xx_hal_rcc.o
 .debug_rnglists
                0x00000000000007c9       0x5e ./Drivers/STM32F4xx_HAL_Driver/Src/stm32f4xx_hal_rcc_ex.o
 .debug_rnglists
                0x0000000000000827      0x31a ./Drivers/STM32F4xx_HAL_Driver/Src/stm32f4xx_hal_tim.o
 .debug_rnglists
                0x0000000000000b41      0x125 ./Drivers/STM32F4xx_HAL_Driver/Src/stm32f4xx_hal_tim_ex.o

.debug_macro    0x0000000000000000    0x23591
 .debug_macro   0x0000000000000000      0x214 ./Core/Src/liquidcrystal_i2c.o
 .debug_macro   0x0000000000000214      0xaa8 ./Core/Src/liquidcrystal_i2c.o
 .debug_macro   0x0000000000000cbc      0x2a1 ./Core/Src/liquidcrystal_i2c.o
 .debug_macro   0x0000000000000f5d       0x2e ./Core/Src/liquidcrystal_i2c.o
 .debug_macro   0x0000000000000f8b       0x28 ./Core/Src/liquidcrystal_i2c.o
 .debug_macro   0x0000000000000fb3       0x22 ./Core/Src/liquidcrystal_i2c.o
 .debug_macro   0x0000000000000fd5       0x8e ./Core/Src/liquidcrystal_i2c.o
 .debug_macro   0x0000000000001063       0x51 ./Core/Src/liquidcrystal_i2c.o
 .debug_macro   0x00000000000010b4      0x103 ./Core/Src/liquidcrystal_i2c.o
 .debug_macro   0x00000000000011b7       0x6a ./Core/Src/liquidcrystal_i2c.o
 .debug_macro   0x0000000000001221      0x1df ./Core/Src/liquidcrystal_i2c.o
 .debug_macro   0x0000000000001400       0x1c ./Core/Src/liquidcrystal_i2c.o
 .debug_macro   0x000000000000141c       0x22 ./Core/Src/liquidcrystal_i2c.o
 .debug_macro   0x000000000000143e       0xfb ./Core/Src/liquidcrystal_i2c.o
 .debug_macro   0x0000000000001539     0x1011 ./Core/Src/liquidcrystal_i2c.o
 .debug_macro   0x000000000000254a      0x11f ./Core/Src/liquidcrystal_i2c.o
 .debug_macro   0x0000000000002669    0x16749 ./Core/Src/liquidcrystal_i2c.o
 .debug_macro   0x0000000000018db2       0x6d ./Core/Src/liquidcrystal_i2c.o
 .debug_macro   0x0000000000018e1f     0x368c ./Core/Src/liquidcrystal_i2c.o
 .debug_macro   0x000000000001c4ab      0x174 ./Core/Src/liquidcrystal_i2c.o
 .debug_macro   0x000000000001c61f       0x5c ./Core/Src/liquidcrystal_i2c.o
 .debug_macro   0x000000000001c67b      0xca5 ./Core/Src/liquidcrystal_i2c.o
 .debug_macro   0x000000000001d320      0x9e9 ./Core/Src/liquidcrystal_i2c.o
 .debug_macro   0x000000000001dd09      0x115 ./Core/Src/liquidcrystal_i2c.o
 .debug_macro   0x000000000001de1e      0x1a0 ./Core/Src/liquidcrystal_i2c.o
 .debug_macro   0x000000000001dfbe       0xa5 ./Core/Src/liquidcrystal_i2c.o
 .debug_macro   0x000000000001e063      0x16d ./Core/Src/liquidcrystal_i2c.o
 .debug_macro   0x000000000001e1d0      0x287 ./Core/Src/liquidcrystal_i2c.o
 .debug_macro   0x000000000001e457       0x5f ./Core/Src/liquidcrystal_i2c.o
 .debug_macro   0x000000000001e4b6      0x236 ./Core/Src/liquidcrystal_i2c.o
 .debug_macro   0x000000000001e6ec      0xb5b ./Core/Src/liquidcrystal_i2c.o
 .debug_macro   0x000000000001f247      0x38b ./Core/Src/liquidcrystal_i2c.o
 .debug_macro   0x000000000001f5d2      0x17d ./Core/Src/liquidcrystal_i2c.o
 .debug_macro   0x000000000001f74f       0xf9 ./Core/Src/liquidcrystal_i2c.o
 .debug_macro   0x000000000001f848      0x132 ./Core/Src/liquidcrystal_i2c.o
 .debug_macro   0x000000000001f97a      0x29c ./Core/Src/liquidcrystal_i2c.o
 .debug_macro   0x000000000001fc16       0x2e ./Core/Src/liquidcrystal_i2c.o
 .debug_macro   0x000000000001fc44      0x1b5 ./Core/Src/liquidcrystal_i2c.o
 .debug_macro   0x000000000001fdf9       0x22 ./Core/Src/liquidcrystal_i2c.o
 .debug_macro   0x000000000001fe1b       0xd6 ./Core/Src/liquidcrystal_i2c.o
 .debug_macro   0x000000000001fef1      0x127 ./Core/Src/liquidcrystal_i2c.o
 .debug_macro   0x0000000000020018       0xe8 ./Core/Src/liquidcrystal_i2c.o
 .debug_macro   0x0000000000020100       0x89 ./Core/Src/liquidcrystal_i2c.o
 .debug_macro   0x0000000000020189      0x8ed ./Core/Src/liquidcrystal_i2c.o
 .debug_macro   0x0000000000020a76       0x53 ./Core/Src/liquidcrystal_i2c.o
 .debug_macro   0x0000000000020ac9      0x126 ./Core/Src/liquidcrystal_i2c.o
 .debug_macro   0x0000000000020bef       0xd0 ./Core/Src/liquidcrystal_i2c.o
 .debug_macro   0x0000000000020cbf      0x33e ./Core/Src/main.o
 .debug_macro   0x0000000000020ffd       0xd6 ./Core/Src/main.o
 .debug_macro   0x00000000000210d3       0x61 ./Core/Src/main.o
 .debug_macro   0x0000000000021134       0x2a ./Core/Src/main.o
 .debug_macro   0x000000000002115e       0x43 ./Core/Src/main.o
 .debug_macro   0x00000000000211a1       0x34 ./Core/Src/main.o
 .debug_macro   0x00000000000211d5       0x16 ./Core/Src/main.o
 .debug_macro   0x00000000000211eb       0x35 ./Core/Src/main.o
 .debug_macro   0x0000000000021220      0x369 ./Core/Src/main.o
 .debug_macro   0x0000000000021589       0x10 ./Core/Src/main.o
 .debug_macro   0x0000000000021599       0x16 ./Core/Src/main.o
 .debug_macro   0x00000000000215af       0x43 ./Core/Src/main.o
 .debug_macro   0x00000000000215f2       0x34 ./Core/Src/main.o
 .debug_macro   0x0000000000021626       0x10 ./Core/Src/main.o
 .debug_macro   0x0000000000021636       0x58 ./Core/Src/main.o
 .debug_macro   0x000000000002168e       0x8e ./Core/Src/main.o
 .debug_macro   0x000000000002171c       0x1c ./Core/Src/main.o
 .debug_macro   0x0000000000021738      0x177 ./Core/Src/main.o
 .debug_macro   0x00000000000218af       0x16 ./Core/Src/main.o
 .debug_macro   0x00000000000218c5       0x16 ./Core/Src/main.o
 .debug_macro   0x00000000000218db      0x147 ./Core/Src/main.o
 .debug_macro   0x0000000000021a22       0x16 ./Core/Src/main.o
 .debug_macro   0x0000000000021a38       0x20 ./Core/Src/main.o
 .debug_macro   0x0000000000021a58      0x20f ./Core/Src/stm32f4xx_hal_msp.o
 .debug_macro   0x0000000000021c67      0x219 ./Core/Src/stm32f4xx_it.o
 .debug_macro   0x0000000000021e80      0x205 ./Core/Src/system_stm32f4xx.o
 .debug_macro   0x0000000000022085      0x265 ./Drivers/STM32F4xx_HAL_Driver/Src/stm32f4xx_hal.o
 .debug_macro   0x00000000000222ea      0x206 ./Drivers/STM32F4xx_HAL_Driver/Src/stm32f4xx_hal_adc.o
 .debug_macro   0x00000000000224f0      0x205 ./Drivers/STM32F4xx_HAL_Driver/Src/stm32f4xx_hal_adc_ex.o
 .debug_macro   0x00000000000226f5      0x205 ./Drivers/STM32F4xx_HAL_Driver/Src/stm32f4xx_hal_cortex.o
 .debug_macro   0x00000000000228fa      0x20b ./Drivers/STM32F4xx_HAL_Driver/Src/stm32f4xx_hal_gpio.o
 .debug_macro   0x0000000000022b05      0x253 ./Drivers/STM32F4xx_HAL_Driver/Src/stm32f4xx_hal_i2c.o
 .debug_macro   0x0000000000022d58      0x229 ./Drivers/STM32F4xx_HAL_Driver/Src/stm32f4xx_hal_rcc.o
 .debug_macro   0x0000000000022f81      0x205 ./Drivers/STM32F4xx_HAL_Driver/Src/stm32f4xx_hal_rcc_ex.o
 .debug_macro   0x0000000000023186      0x206 ./Drivers/STM32F4xx_HAL_Driver/Src/stm32f4xx_hal_tim.o
 .debug_macro   0x000000000002338c      0x205 ./Drivers/STM32F4xx_HAL_Driver/Src/stm32f4xx_hal_tim_ex.o

.debug_line     0x0000000000000000    0x12d76
 .debug_line    0x0000000000000000      0xb8d ./Core/Src/liquidcrystal_i2c.o
 .debug_line    0x0000000000000b8d     0x10b8 ./Core/Src/main.o
 .debug_line    0x0000000000001c45      0x915 ./Core/Src/stm32f4xx_hal_msp.o
 .debug_line    0x000000000000255a      0x88a ./Core/Src/stm32f4xx_it.o
 .debug_line    0x0000000000002de4      0x830 ./Core/Src/system_stm32f4xx.o
 .debug_line    0x0000000000003614       0x7a ./Core/Startup/startup_stm32f446retx.o
 .debug_line    0x000000000000368e      0xa96 ./Drivers/STM32F4xx_HAL_Driver/Src/stm32f4xx_hal.o
 .debug_line    0x0000000000004124     0x131c ./Drivers/STM32F4xx_HAL_Driver/Src/stm32f4xx_hal_adc.o
 .debug_line    0x0000000000005440      0xf65 ./Drivers/STM32F4xx_HAL_Driver/Src/stm32f4xx_hal_adc_ex.o
 .debug_line    0x00000000000063a5      0xd62 ./Drivers/STM32F4xx_HAL_Driver/Src/stm32f4xx_hal_cortex.o
 .debug_line    0x0000000000007107      0xbf6 ./Drivers/STM32F4xx_HAL_Driver/Src/stm32f4xx_hal_gpio.o
 .debug_line    0x0000000000007cfd     0x3af8 ./Drivers/STM32F4xx_HAL_Driver/Src/stm32f4xx_hal_i2c.o
 .debug_line    0x000000000000b7f5      0xe19 ./Drivers/STM32F4xx_HAL_Driver/Src/stm32f4xx_hal_rcc.o
 .debug_line    0x000000000000c60e     0x14b4 ./Drivers/STM32F4xx_HAL_Driver/Src/stm32f4xx_hal_rcc_ex.o
 .debug_line    0x000000000000dac2     0x3822 ./Drivers/STM32F4xx_HAL_Driver/Src/stm32f4xx_hal_tim.o
 .debug_line    0x00000000000112e4     0x1a92 ./Drivers/STM32F4xx_HAL_Driver/Src/stm32f4xx_hal_tim_ex.o

.debug_str      0x0000000000000000    0xddbba
 .debug_str     0x0000000000000000    0xd5ec3 ./Core/Src/liquidcrystal_i2c.o
                                      0xd61cf (size before relaxing)
 .debug_str     0x00000000000d5ec3     0x435a ./Core/Src/main.o
                                      0xda2af (size before relaxing)
 .debug_str     0x00000000000da21d      0x62c ./Core/Src/stm32f4xx_hal_msp.o
                                      0xd6779 (size before relaxing)
 .debug_str     0x00000000000da849       0xdc ./Core/Src/stm32f4xx_it.o
                                      0xd5ae6 (size before relaxing)
 .debug_str     0x00000000000da925       0xcb ./Core/Src/system_stm32f4xx.o
                                      0xd5821 (size before relaxing)
 .debug_str     0x00000000000da9f0       0x34 ./Core/Startup/startup_stm32f446retx.o
                                         0x79 (size before relaxing)
 .debug_str     0x00000000000daa24      0x5fc ./Drivers/STM32F4xx_HAL_Driver/Src/stm32f4xx_hal.o
                                      0xd63e6 (size before relaxing)
 .debug_str     0x00000000000db020      0x266 ./Drivers/STM32F4xx_HAL_Driver/Src/stm32f4xx_hal_adc.o
                                      0xd5de9 (size before relaxing)
 .debug_str     0x00000000000db286      0x2df ./Drivers/STM32F4xx_HAL_Driver/Src/stm32f4xx_hal_adc_ex.o
                                      0xd5e3d (size before relaxing)
 .debug_str     0x00000000000db565      0x347 ./Drivers/STM32F4xx_HAL_Driver/Src/stm32f4xx_hal_cortex.o
                                      0xd610b (size before relaxing)
 .debug_str     0x00000000000db8ac       0xfd ./Drivers/STM32F4xx_HAL_Driver/Src/stm32f4xx_hal_gpio.o
                                      0xd599c (size before relaxing)
 .debug_str     0x00000000000db9a9      0xb25 ./Drivers/STM32F4xx_HAL_Driver/Src/stm32f4xx_hal_i2c.o
                                      0xd681f (size before relaxing)
 .debug_str     0x00000000000dc4ce      0x213 ./Drivers/STM32F4xx_HAL_Driver/Src/stm32f4xx_hal_rcc.o
                                      0xd5c5a (size before relaxing)
 .debug_str     0x00000000000dc6e1      0x324 ./Drivers/STM32F4xx_HAL_Driver/Src/stm32f4xx_hal_rcc_ex.o
                                      0xd5c8d (size before relaxing)
 .debug_str     0x00000000000dca05      0xd22 ./Drivers/STM32F4xx_HAL_Driver/Src/stm32f4xx_hal_tim.o
                                      0xd6b86 (size before relaxing)
 .debug_str     0x00000000000dd727      0x493 ./Drivers/STM32F4xx_HAL_Driver/Src/stm32f4xx_hal_tim_ex.o
                                      0xd6392 (size before relaxing)

.debug_frame    0x0000000000000000     0x44a4
 .debug_frame   0x0000000000000000      0x3f0 ./Core/Src/liquidcrystal_i2c.o
 .debug_frame   0x00000000000003f0      0x348 ./Core/Src/main.o
 .debug_frame   0x0000000000000738      0x18c ./Core/Src/stm32f4xx_hal_msp.o
 .debug_frame   0x00000000000008c4      0x120 ./Core/Src/stm32f4xx_it.o
 .debug_frame   0x00000000000009e4       0x58 ./Core/Src/system_stm32f4xx.o
 .debug_frame   0x0000000000000a3c      0x374 ./Drivers/STM32F4xx_HAL_Driver/Src/stm32f4xx_hal.o
 .debug_frame   0x0000000000000db0      0x3fc ./Drivers/STM32F4xx_HAL_Driver/Src/stm32f4xx_hal_adc.o
 .debug_frame   0x00000000000011ac      0x250 ./Drivers/STM32F4xx_HAL_Driver/Src/stm32f4xx_hal_adc_ex.o
 .debug_frame   0x00000000000013fc      0x4b8 ./Drivers/STM32F4xx_HAL_Driver/Src/stm32f4xx_hal_cortex.o
 .debug_frame   0x00000000000018b4      0x14c ./Drivers/STM32F4xx_HAL_Driver/Src/stm32f4xx_hal_gpio.o
 .debug_frame   0x0000000000001a00      0xc84 ./Drivers/STM32F4xx_HAL_Driver/Src/stm32f4xx_hal_i2c.o
 .debug_frame   0x0000000000002684      0x1f4 ./Drivers/STM32F4xx_HAL_Driver/Src/stm32f4xx_hal_rcc.o
 .debug_frame   0x0000000000002878      0x1e8 ./Drivers/STM32F4xx_HAL_Driver/Src/stm32f4xx_hal_rcc_ex.o
 .debug_frame   0x0000000000002a60     0x11c0 ./Drivers/STM32F4xx_HAL_Driver/Src/stm32f4xx_hal_tim.o
 .debug_frame   0x0000000000003c20      0x638 ./Drivers/STM32F4xx_HAL_Driver/Src/stm32f4xx_hal_tim_ex.o
 .debug_frame   0x0000000000004258       0x38 C:/ST/STM32CubeIDE_1.14.0/STM32CubeIDE/plugins/com.st.stm32cube.ide.mcu.externaltools.gnu-tools-for-stm32.11.3.rel1.win32_1.1.100.202309141235/tools/bin/../lib/gcc/arm-none-eabi/11.3.1/../../../../arm-none-eabi/lib/thumb/v7e-m+fp/hard\libc_nano.a(libc_a-itoa.o)
 .debug_frame   0x0000000000004290       0x48 C:/ST/STM32CubeIDE_1.14.0/STM32CubeIDE/plugins/com.st.stm32cube.ide.mcu.externaltools.gnu-tools-for-stm32.11.3.rel1.win32_1.1.100.202309141235/tools/bin/../lib/gcc/arm-none-eabi/11.3.1/../../../../arm-none-eabi/lib/thumb/v7e-m+fp/hard\libc_nano.a(libc_a-utoa.o)
 .debug_frame   0x00000000000042d8       0x20 C:/ST/STM32CubeIDE_1.14.0/STM32CubeIDE/plugins/com.st.stm32cube.ide.mcu.externaltools.gnu-tools-for-stm32.11.3.rel1.win32_1.1.100.202309141235/tools/bin/../lib/gcc/arm-none-eabi/11.3.1/../../../../arm-none-eabi/lib/thumb/v7e-m+fp/hard\libc_nano.a(libc_a-memset.o)
 .debug_frame   0x00000000000042f8       0x2c C:/ST/STM32CubeIDE_1.14.0/STM32CubeIDE/plugins/com.st.stm32cube.ide.mcu.externaltools.gnu-tools-for-stm32.11.3.rel1.win32_1.1.100.202309141235/tools/bin/../lib/gcc/arm-none-eabi/11.3.1/../../../../arm-none-eabi/lib/thumb/v7e-m+fp/hard\libc_nano.a(libc_a-init.o)
 .debug_frame   0x0000000000004324       0xac C:/ST/STM32CubeIDE_1.14.0/STM32CubeIDE/plugins/com.st.stm32cube.ide.mcu.externaltools.gnu-tools-for-stm32.11.3.rel1.win32_1.1.100.202309141235/tools/bin/../lib/gcc/arm-none-eabi/11.3.1/thumb/v7e-m+fp/hard\libgcc.a(_arm_addsubdf3.o)
 .debug_frame   0x00000000000043d0       0x50 C:/ST/STM32CubeIDE_1.14.0/STM32CubeIDE/plugins/com.st.stm32cube.ide.mcu.externaltools.gnu-tools-for-stm32.11.3.rel1.win32_1.1.100.202309141235/tools/bin/../lib/gcc/arm-none-eabi/11.3.1/thumb/v7e-m+fp/hard\libgcc.a(_arm_muldivdf3.o)
 .debug_frame   0x0000000000004420       0x24 C:/ST/STM32CubeIDE_1.14.0/STM32CubeIDE/plugins/com.st.stm32cube.ide.mcu.externaltools.gnu-tools-for-stm32.11.3.rel1.win32_1.1.100.202309141235/tools/bin/../lib/gcc/arm-none-eabi/11.3.1/thumb/v7e-m+fp/hard\libgcc.a(_arm_truncdfsf2.o)
 .debug_frame   0x0000000000004444       0x2c C:/ST/STM32CubeIDE_1.14.0/STM32CubeIDE/plugins/com.st.stm32cube.ide.mcu.externaltools.gnu-tools-for-stm32.11.3.rel1.win32_1.1.100.202309141235/tools/bin/../lib/gcc/arm-none-eabi/11.3.1/thumb/v7e-m+fp/hard\libgcc.a(_aeabi_uldivmod.o)
 .debug_frame   0x0000000000004470       0x34 C:/ST/STM32CubeIDE_1.14.0/STM32CubeIDE/plugins/com.st.stm32cube.ide.mcu.externaltools.gnu-tools-for-stm32.11.3.rel1.win32_1.1.100.202309141235/tools/bin/../lib/gcc/arm-none-eabi/11.3.1/thumb/v7e-m+fp/hard\libgcc.a(_udivmoddi4.o)

.debug_line_str
                0x0000000000000000       0x6d
 .debug_line_str
                0x0000000000000000       0x6d ./Core/Startup/startup_stm32f446retx.o
                                         0x85 (size before relaxing)
