../Core/Src/main.c:82:6:HAL_ADC_ConvCpltCallback	16	static
../Core/Src/main.c:106:6:kilitFonksiyonu	8	static
../Core/Src/main.c:116:6:perdeAc	4	static
../Core/Src/main.c:120:6:perdeKapa	4	static
../Core/Src/main.c:123:6:Gas_System	16	static
../Core/Src/main.c:157:6:isikKontrol	8	static
../Core/Src/main.c:170:6:perdeKontrol	8	static
../Core/Src/main.c:200:6:kapiKontrol	8	static
../Core/Src/main.c:230:6:icIsiklandirma	8	static
../Core/Src/main.c:241:6:suKontrol	8	static
../Core/Src/main.c:255:6:suAlarmKontrol	16	static
../Core/Src/main.c:270:6:microDelay	16	static
../Core/Src/main.c:275:6:ekran_calistirma	72	static
../Core/Src/main.c:301:6:mesafeKontrol	8	static
../Core/Src/main.c:342:9:DHT11_Start	32	static
../Core/Src/main.c:372:9:DHT11_Read	16	static
../Core/Src/main.c:402:5:main	24	static
../Core/Src/main.c:511:6:SystemClock_Config	88	static
../Core/Src/main.c:559:13:MX_ADC1_Init	24	static
../Core/Src/main.c:611:13:MX_ADC2_Init	24	static
../Core/Src/main.c:663:13:MX_I2C1_Init	8	static
../Core/Src/main.c:697:13:MX_TIM1_Init	32	static
../Core/Src/main.c:743:13:MX_TIM2_Init	48	static
../Core/Src/main.c:796:13:MX_GPIO_Init	48	static
../Core/Src/main.c:878:6:Error_Handler	4	static,ignoring_inline_asm
